Archive member included to satisfy reference by file (symbol)

/opt/st/stm32cubeclt_1.17.0/GNU-tools-for-STM32/bin/../lib/gcc/arm-none-eabi/12.3.1/../../../../arm-none-eabi/lib/thumb/v7e-m+fp/hard/libc_nano.a(libc_a-exit.o)
                              /opt/st/stm32cubeclt_1.17.0/GNU-tools-for-STM32/bin/../lib/gcc/arm-none-eabi/12.3.1/../../../../arm-none-eabi/lib/thumb/v7e-m+fp/hard/crt0.o (exit)
/opt/st/stm32cubeclt_1.17.0/GNU-tools-for-STM32/bin/../lib/gcc/arm-none-eabi/12.3.1/../../../../arm-none-eabi/lib/thumb/v7e-m+fp/hard/libc_nano.a(libc_a-findfp.o)
                              /opt/st/stm32cubeclt_1.17.0/GNU-tools-for-STM32/bin/../lib/gcc/arm-none-eabi/12.3.1/../../../../arm-none-eabi/lib/thumb/v7e-m+fp/hard/libc_nano.a(libc_a-exit.o) (__stdio_exit_handler)
/opt/st/stm32cubeclt_1.17.0/GNU-tools-for-STM32/bin/../lib/gcc/arm-none-eabi/12.3.1/../../../../arm-none-eabi/lib/thumb/v7e-m+fp/hard/libc_nano.a(libc_a-fwalk.o)
                              /opt/st/stm32cubeclt_1.17.0/GNU-tools-for-STM32/bin/../lib/gcc/arm-none-eabi/12.3.1/../../../../arm-none-eabi/lib/thumb/v7e-m+fp/hard/libc_nano.a(libc_a-findfp.o) (_fwalk_sglue)
/opt/st/stm32cubeclt_1.17.0/GNU-tools-for-STM32/bin/../lib/gcc/arm-none-eabi/12.3.1/../../../../arm-none-eabi/lib/thumb/v7e-m+fp/hard/libc_nano.a(libc_a-stdio.o)
                              /opt/st/stm32cubeclt_1.17.0/GNU-tools-for-STM32/bin/../lib/gcc/arm-none-eabi/12.3.1/../../../../arm-none-eabi/lib/thumb/v7e-m+fp/hard/libc_nano.a(libc_a-findfp.o) (__sread)
/opt/st/stm32cubeclt_1.17.0/GNU-tools-for-STM32/bin/../lib/gcc/arm-none-eabi/12.3.1/../../../../arm-none-eabi/lib/thumb/v7e-m+fp/hard/libc_nano.a(libc_a-memset.o)
                              /opt/st/stm32cubeclt_1.17.0/GNU-tools-for-STM32/bin/../lib/gcc/arm-none-eabi/12.3.1/../../../../arm-none-eabi/lib/thumb/v7e-m+fp/hard/crt0.o (memset)
/opt/st/stm32cubeclt_1.17.0/GNU-tools-for-STM32/bin/../lib/gcc/arm-none-eabi/12.3.1/../../../../arm-none-eabi/lib/thumb/v7e-m+fp/hard/libc_nano.a(libc_a-closer.o)
                              /opt/st/stm32cubeclt_1.17.0/GNU-tools-for-STM32/bin/../lib/gcc/arm-none-eabi/12.3.1/../../../../arm-none-eabi/lib/thumb/v7e-m+fp/hard/libc_nano.a(libc_a-stdio.o) (_close_r)
/opt/st/stm32cubeclt_1.17.0/GNU-tools-for-STM32/bin/../lib/gcc/arm-none-eabi/12.3.1/../../../../arm-none-eabi/lib/thumb/v7e-m+fp/hard/libc_nano.a(libc_a-reent.o)
                              /opt/st/stm32cubeclt_1.17.0/GNU-tools-for-STM32/bin/../lib/gcc/arm-none-eabi/12.3.1/../../../../arm-none-eabi/lib/thumb/v7e-m+fp/hard/libc_nano.a(libc_a-closer.o) (errno)
/opt/st/stm32cubeclt_1.17.0/GNU-tools-for-STM32/bin/../lib/gcc/arm-none-eabi/12.3.1/../../../../arm-none-eabi/lib/thumb/v7e-m+fp/hard/libc_nano.a(libc_a-impure.o)
                              /opt/st/stm32cubeclt_1.17.0/GNU-tools-for-STM32/bin/../lib/gcc/arm-none-eabi/12.3.1/../../../../arm-none-eabi/lib/thumb/v7e-m+fp/hard/libc_nano.a(libc_a-reent.o) (_impure_ptr)
/opt/st/stm32cubeclt_1.17.0/GNU-tools-for-STM32/bin/../lib/gcc/arm-none-eabi/12.3.1/../../../../arm-none-eabi/lib/thumb/v7e-m+fp/hard/libc_nano.a(libc_a-lseekr.o)
                              /opt/st/stm32cubeclt_1.17.0/GNU-tools-for-STM32/bin/../lib/gcc/arm-none-eabi/12.3.1/../../../../arm-none-eabi/lib/thumb/v7e-m+fp/hard/libc_nano.a(libc_a-stdio.o) (_lseek_r)
/opt/st/stm32cubeclt_1.17.0/GNU-tools-for-STM32/bin/../lib/gcc/arm-none-eabi/12.3.1/../../../../arm-none-eabi/lib/thumb/v7e-m+fp/hard/libc_nano.a(libc_a-readr.o)
                              /opt/st/stm32cubeclt_1.17.0/GNU-tools-for-STM32/bin/../lib/gcc/arm-none-eabi/12.3.1/../../../../arm-none-eabi/lib/thumb/v7e-m+fp/hard/libc_nano.a(libc_a-stdio.o) (_read_r)
/opt/st/stm32cubeclt_1.17.0/GNU-tools-for-STM32/bin/../lib/gcc/arm-none-eabi/12.3.1/../../../../arm-none-eabi/lib/thumb/v7e-m+fp/hard/libc_nano.a(libc_a-writer.o)
                              /opt/st/stm32cubeclt_1.17.0/GNU-tools-for-STM32/bin/../lib/gcc/arm-none-eabi/12.3.1/../../../../arm-none-eabi/lib/thumb/v7e-m+fp/hard/libc_nano.a(libc_a-stdio.o) (_write_r)
/opt/st/stm32cubeclt_1.17.0/GNU-tools-for-STM32/bin/../lib/gcc/arm-none-eabi/12.3.1/../../../../arm-none-eabi/lib/thumb/v7e-m+fp/hard/libc_nano.a(libc_a-init.o)
                              /opt/st/stm32cubeclt_1.17.0/GNU-tools-for-STM32/bin/../lib/gcc/arm-none-eabi/12.3.1/../../../../arm-none-eabi/lib/thumb/v7e-m+fp/hard/crt0.o (__libc_init_array)
/opt/st/stm32cubeclt_1.17.0/GNU-tools-for-STM32/bin/../lib/gcc/arm-none-eabi/12.3.1/../../../../arm-none-eabi/lib/thumb/v7e-m+fp/hard/libc_nano.a(libc_a-lock.o)
                              /opt/st/stm32cubeclt_1.17.0/GNU-tools-for-STM32/bin/../lib/gcc/arm-none-eabi/12.3.1/../../../../arm-none-eabi/lib/thumb/v7e-m+fp/hard/libc_nano.a(libc_a-findfp.o) (__retarget_lock_init_recursive)
/opt/st/stm32cubeclt_1.17.0/GNU-tools-for-STM32/bin/../lib/gcc/arm-none-eabi/12.3.1/../../../../arm-none-eabi/lib/thumb/v7e-m+fp/hard/libc_nano.a(libc_a-freer.o)
[...]
Memory Configuration

Name             Origin             Length             Attributes
RAM              0x20000000         0x00030000         xrw
RAM2             0x10000000         0x00010000         xrw
RAM3             0x20040000         0x00060000         xrw
FLASH            0x08000000         0x00200000         xr
*default*        0x00000000         0xffffffff

Linker script and memory map

LOAD /opt/st/stm32cubeclt_1.17.0/GNU-tools-for-STM32/bin/../lib/gcc/arm-none-eabi/12.3.1/thumb/v7e-m+fp/hard/crti.o
LOAD /opt/st/stm32cubeclt_1.17.0/GNU-tools-for-STM32/bin/../lib/gcc/arm-none-eabi/12.3.1/thumb/v7e-m+fp/hard/crtbegin.o
LOAD /opt/st/stm32cubeclt_1.17.0/GNU-tools-for-STM32/bin/../lib/gcc/arm-none-eabi/12.3.1/../../../../arm-none-eabi/lib/thumb/v7e-m+fp/hard/crt0.o
START GROUP
LOAD /opt/st/stm32cubeclt_1.17.0/GNU-tools-for-STM32/bin/../lib/gcc/arm-none-eabi/12.3.1/../../../../arm-none-eabi/lib/thumb/v7e-m+fp/hard/libc_nano.a
LOAD /opt/st/stm32cubeclt_1.17.0/GNU-tools-for-STM32/bin/../lib/gcc/arm-none-eabi/12.3.1/../../../../arm-none-eabi/lib/thumb/v7e-m+fp/hard/libm.a
END GROUP
LOAD CMakeFiles/stm32l4r5zi_cmake_modbus_slave.dir/NODE_BSP/ODOBNNodeBSP.c.obj
LOAD CMakeFiles/stm32l4r5zi_cmake_modbus_slave.dir/MODBUS_SERVER/MODBUS_Server.c.obj
LOAD CMakeFiles/stm32l4r5zi_cmake_modbus_slave.dir/MODBUS_SERVER/MODBUS_usart.c.obj
LOAD CMakeFiles/stm32l4r5zi_cmake_modbus_slave.dir/Core/Src/main.c.obj
LOAD CMakeFiles/stm32l4r5zi_cmake_modbus_slave.dir/Core/Src/gpio.c.obj
LOAD CMakeFiles/stm32l4r5zi_cmake_modbus_slave.dir/Core/Src/freertos.c.obj
LOAD CMakeFiles/stm32l4r5zi_cmake_modbus_slave.dir/Core/Src/stm32l4xx_it.c.obj
LOAD CMakeFiles/stm32l4r5zi_cmake_modbus_slave.dir/Core/Src/stm32l4xx_hal_msp.c.obj
LOAD CMakeFiles/stm32l4r5zi_cmake_modbus_slave.dir/Core/Src/stm32l4xx_hal_timebase_tim.c.obj
LOAD CMakeFiles/stm32l4r5zi_cmake_modbus_slave.dir/Drivers/STM32L4xx_HAL_Driver/Src/stm32l4xx_hal_tim.c.obj
LOAD CMakeFiles/stm32l4r5zi_cmake_modbus_slave.dir/Drivers/STM32L4xx_HAL_Driver/Src/stm32l4xx_hal_tim_ex.c.obj
LOAD CMakeFiles/stm32l4r5zi_cmake_modbus_slave.dir/Drivers/STM32L4xx_HAL_Driver/Src/stm32l4xx_hal.c.obj
LOAD CMakeFiles/stm32l4r5zi_cmake_modbus_slave.dir/Drivers/STM32L4xx_HAL_Driver/Src/stm32l4xx_hal_rcc.c.obj
LOAD CMakeFiles/stm32l4r5zi_cmake_modbus_slave.dir/Drivers/STM32L4xx_HAL_Driver/Src/stm32l4xx_hal_rcc_ex.c.obj
LOAD CMakeFiles/stm32l4r5zi_cmake_modbus_slave.dir/Drivers/STM32L4xx_HAL_Driver/Src/stm32l4xx_hal_flash.c.obj
LOAD CMakeFiles/stm32l4r5zi_cmake_modbus_slave.dir/Drivers/STM32L4xx_HAL_Driver/Src/stm32l4xx_hal_flash_ex.c.obj
LOAD CMakeFiles/stm32l4r5zi_cmake_modbus_slave.dir/Drivers/STM32L4xx_HAL_Driver/Src/stm32l4xx_hal_flash_ramfunc.c.obj
LOAD CMakeFiles/stm32l4r5zi_cmake_modbus_slave.dir/Drivers/STM32L4xx_HAL_Driver/Src/stm32l4xx_hal_gpio.c.obj
LOAD CMakeFiles/stm32l4r5zi_cmake_modbus_slave.dir/Drivers/STM32L4xx_HAL_Driver/Src/stm32l4xx_hal_i2c.c.obj
LOAD CMakeFiles/stm32l4r5zi_cmake_modbus_slave.dir/Drivers/STM32L4xx_HAL_Driver/Src/stm32l4xx_hal_i2c_ex.c.obj
LOAD CMakeFiles/stm32l4r5zi_cmake_modbus_slave.dir/Drivers/STM32L4xx_HAL_Driver/Src/stm32l4xx_hal_dma.c.obj
LOAD CMakeFiles/stm32l4r5zi_cmake_modbus_slave.dir/Drivers/STM32L4xx_HAL_Driver/Src/stm32l4xx_hal_dma_ex.c.obj
LOAD CMakeFiles/stm32l4r5zi_cmake_modbus_slave.dir/Drivers/STM32L4xx_HAL_Driver/Src/stm32l4xx_hal_pwr.c.obj
LOAD CMakeFiles/stm32l4r5zi_cmake_modbus_slave.dir/Drivers/STM32L4xx_HAL_Driver/Src/stm32l4xx_hal_pwr_ex.c.obj
LOAD CMakeFiles/stm32l4r5zi_cmake_modbus_slave.dir/Drivers/STM32L4xx_HAL_Driver/Src/stm32l4xx_hal_cortex.c.obj
LOAD CMakeFiles/stm32l4r5zi_cmake_modbus_slave.dir/Drivers/STM32L4xx_HAL_Driver/Src/stm32l4xx_hal_exti.c.obj
LOAD CMakeFiles/stm32l4r5zi_cmake_modbus_slave.dir/Drivers/STM32L4xx_HAL_Driver/Src/stm32l4xx_hal_uart.c.obj
LOAD CMakeFiles/stm32l4r5zi_cmake_modbus_slave.dir/Drivers/STM32L4xx_HAL_Driver/Src/stm32l4xx_hal_uart_ex.c.obj
LOAD CMakeFiles/stm32l4r5zi_cmake_modbus_slave.dir/Core/Src/system_stm32l4xx.c.obj
LOAD CMakeFiles/stm32l4r5zi_cmake_modbus_slave.dir/Middlewares/Third_Party/FreeRTOS/Source/croutine.c.obj
LOAD CMakeFiles/stm32l4r5zi_cmake_modbus_slave.dir/Middlewares/Third_Party/FreeRTOS/Source/event_groups.c.obj
LOAD CMakeFiles/stm32l4r5zi_cmake_modbus_slave.dir/Middlewares/Third_Party/FreeRTOS/Source/list.c.obj
LOAD CMakeFiles/stm32l4r5zi_cmake_modbus_slave.dir/Middlewares/Third_Party/FreeRTOS/Source/queue.c.obj
LOAD CMakeFiles/stm32l4r5zi_cmake_modbus_slave.dir/Middlewares/Third_Party/FreeRTOS/Source/stream_buffer.c.obj
LOAD CMakeFiles/stm32l4r5zi_cmake_modbus_slave.dir/Middlewares/Third_Party/FreeRTOS/Source/tasks.c.obj
LOAD CMakeFiles/stm32l4r5zi_cmake_modbus_slave.dir/Middlewares/Third_Party/FreeRTOS/Source/timers.c.obj
LOAD CMakeFiles/stm32l4r5zi_cmake_modbus_slave.dir/Middlewares/Third_Party/FreeRTOS/Source/CMSIS_RTOS_V2/cmsis_os2.c.obj
LOAD CMakeFiles/stm32l4r5zi_cmake_modbus_slave.dir/Middlewares/Third_Party/FreeRTOS/Source/portable/MemMang/heap_4.c.obj
LOAD CMakeFiles/stm32l4r5zi_cmake_modbus_slave.dir/Middlewares/Third_Party/FreeRTOS/Source/portable/GCC/ARM_CM4F/port.c.obj
LOAD CMakeFiles/stm32l4r5zi_cmake_modbus_slave.dir/Core/Src/sysmem.c.obj
LOAD CMakeFiles/stm32l4r5zi_cmake_modbus_slave.dir/Core/Src/syscalls.c.obj
LOAD CMakeFiles/stm32l4r5zi_cmake_modbus_slave.dir/startup_stm32l4r5xx.s.obj
START GROUP
LOAD /opt/st/stm32cubeclt_1.17.0/GNU-tools-for-STM32/bin/../lib/gcc/arm-none-eabi/12.3.1/thumb/v7e-m+fp/hard/libgcc.a
LOAD /opt/st/stm32cubeclt_1.17.0/GNU-tools-for-STM32/bin/../lib/gcc/arm-none-eabi/12.3.1/../../../../arm-none-eabi/lib/thumb/v7e-m+fp/hard/libg_nano.a
LOAD /opt/st/stm32cubeclt_1.17.0/GNU-tools-for-STM32/bin/../lib/gcc/arm-none-eabi/12.3.1/../../../../arm-none-eabi/lib/thumb/v7e-m+fp/hard/libc_nano.a
END GROUP
START GROUP
LOAD /opt/st/stm32cubeclt_1.17.0/GNU-tools-for-STM32/bin/../lib/gcc/arm-none-eabi/12.3.1/thumb/v7e-m+fp/hard/libgcc.a
LOAD /opt/st/stm32cubeclt_1.17.0/GNU-tools-for-STM32/bin/../lib/gcc/arm-none-eabi/12.3.1/../../../../arm-none-eabi/lib/thumb/v7e-m+fp/hard/libc_nano.a
END GROUP
LOAD /opt/st/stm32cubeclt_1.17.0/GNU-tools-for-STM32/bin/../lib/gcc/arm-none-eabi/12.3.1/thumb/v7e-m+fp/hard/crtend.o
LOAD /opt/st/stm32cubeclt_1.17.0/GNU-tools-for-STM32/bin/../lib/gcc/arm-none-eabi/12.3.1/thumb/v7e-m+fp/hard/crtn.o
                0x20030000                        _estack = (ORIGIN (RAM) + LENGTH (RAM))
                0x00000200                        _Min_Heap_Size = 0x200
                0x00000400                        _Min_Stack_Size = 0x400

.isr_vector     0x08000000      0x1c0
                0x08000000                        . = ALIGN (0x8)
 *(.isr_vector)
 .isr_vector    0x08000000      0x1bc CMakeFiles/stm32l4r5zi_cmake_modbus_slave.dir/startup_stm32l4r5xx.s.obj
                0x08000000                g_pfnVectors
                0x080001c0                        . = ALIGN (0x8)
 *fill*         0x080001bc        0x4 

.text           0x080001c0     0x8e90
                0x080001c0                        . = ALIGN (0x8)
 *(.text)
 .text          0x080001c0       0x40 /opt/st/stm32cubeclt_1.17.0/GNU-tools-for-STM32/bin/../lib/gcc/arm-none-eabi/12.3.1/thumb/v7e-m+fp/hard/crtbegin.o
 .text          0x08000200       0x30 /opt/st/stm32cubeclt_1.17.0/GNU-tools-for-STM32/bin/../lib/gcc/arm-none-eabi/12.3.1/thumb/v7e-m+fp/hard/libgcc.a(_aeabi_uldivmod.o)
                0x08000200                __aeabi_uldivmod
 .text          0x08000230      0x2bc /opt/st/stm32cubeclt_1.17.0/GNU-tools-for-STM32/bin/../lib/gcc/arm-none-eabi/12.3.1/thumb/v7e-m+fp/hard/libgcc.a(_udivmoddi4.o)
                0x08000230                __udivmoddi4
 .text          0x080004ec        0x4 /opt/st/stm32cubeclt_1.17.0/GNU-tools-for-STM32/bin/../lib/gcc/arm-none-eabi/12.3.1/thumb/v7e-m+fp/hard/libgcc.a(_dvmd_tls.o)
                0x080004ec                __aeabi_ldiv0
                0x080004ec                __aeabi_idiv0
 .text          0x080004f0       0xa0 /opt/st/stm32cubeclt_1.17.0/GNU-tools-for-STM32/bin/../lib/gcc/arm-none-eabi/12.3.1/../../../../arm-none-eabi/lib/thumb/v7e-m+fp/hard/libg_nano.a(libc_a-memchr.o)
                0x080004f0                memchr
 *(.text*)
 .text.memset   0x08000590       0x10 /opt/st/stm32cubeclt_1.17.0/GNU-tools-for-STM32/bin/../lib/gcc/arm-none-eabi/12.3.1/../../../../arm-none-eabi/lib/thumb/v7e-m+fp/hard/libc_nano.a(libc_a-memset.o)
                0x08000590                memset
 .text._reclaim_reent
                0x080005a0       0xac /opt/st/stm32cubeclt_1.17.0/GNU-tools-for-STM32/bin/../lib/gcc/arm-none-eabi/12.3.1/../../../../arm-none-eabi/lib/thumb/v7e-m+fp/hard/libc_nano.a(libc_a-reent.o)
                0x080005a0                _reclaim_reent
 .text.__libc_init_array
                0x0800064c       0x48 /opt/st/stm32cubeclt_1.17.0/GNU-tools-for-STM32/bin/../lib/gcc/arm-none-eabi/12.3.1/../../../../arm-none-eabi/lib/thumb/v7e-m+fp/hard/libc_nano.a(libc_a-init.o)
                0x0800064c                __libc_init_array
 .text.__retarget_lock_acquire_recursive
                0x08000694        0x2 /opt/st/stm32cubeclt_1.17.0/GNU-tools-for-STM32/bin/../lib/gcc/arm-none-eabi/12.3.1/../../../../arm-none-eabi/lib/thumb/v7e-m+fp/hard/libc_nano.a(libc_a-lock.o)
                0x08000694                __retarget_lock_acquire_recursive
 .text.__retarget_lock_release_recursive
                0x08000696        0x2 /opt/st/stm32cubeclt_1.17.0/GNU-tools-for-STM32/bin/../lib/gcc/arm-none-eabi/12.3.1/../../../../arm-none-eabi/lib/thumb/v7e-m+fp/hard/libc_nano.a(libc_a-lock.o)
                0x08000696                __retarget_lock_release_recursive
 .text._free_r  0x08000698       0x94 /opt/st/stm32cubeclt_1.17.0/GNU-tools-for-STM32/bin/../lib/gcc/arm-none-eabi/12.3.1/../../../../arm-none-eabi/lib/thumb/v7e-m+fp/hard/libc_nano.a(libc_a-freer.o)
                0x08000698                _free_r
 .text.sbrk_aligned
                0x0800072c       0x44 /opt/st/stm32cubeclt_1.17.0/GNU-tools-for-STM32/bin/../lib/gcc/arm-none-eabi/12.3.1/../../../../arm-none-eabi/lib/thumb/v7e-m+fp/hard/libc_nano.a(libc_a-mallocr.o)
 .text._malloc_r
                0x08000770      0x100 /opt/st/stm32cubeclt_1.17.0/GNU-tools-for-STM32/bin/../lib/gcc/arm-none-eabi/12.3.1/../../../../arm-none-eabi/lib/thumb/v7e-m+fp/hard/libc_nano.a(libc_a-mallocr.o)
                0x08000770                _malloc_r
 .text.__malloc_lock
                0x08000870        0xc /opt/st/stm32cubeclt_1.17.0/GNU-tools-for-STM32/bin/../lib/gcc/arm-none-eabi/12.3.1/../../../../arm-none-eabi/lib/thumb/v7e-m+fp/hard/libc_nano.a(libc_a-mlock.o)
                0x08000870                __malloc_lock
 .text.__malloc_unlock
                0x0800087c        0xc /opt/st/stm32cubeclt_1.17.0/GNU-tools-for-STM32/bin/../lib/gcc/arm-none-eabi/12.3.1/../../../../arm-none-eabi/lib/thumb/v7e-m+fp/hard/libc_nano.a(libc_a-mlock.o)
                0x0800087c                __malloc_unlock
 .text._sbrk_r  0x08000888       0x20 /opt/st/stm32cubeclt_1.17.0/GNU-tools-for-STM32/bin/../lib/gcc/arm-none-eabi/12.3.1/../../../../arm-none-eabi/lib/thumb/v7e-m+fp/hard/libc_nano.a(libc_a-sbrkr.o)
                0x08000888                _sbrk_r
 .text.Modbus_Server_Init
                0x080008a8       0x3c CMakeFiles/stm32l4r5zi_cmake_modbus_slave.dir/MODBUS_SERVER/MODBUS_Server.c.obj
                0x080008a8                Modbus_Server_Init
 .text.ModbusTask
                0x080008e4       0x78 CMakeFiles/stm32l4r5zi_cmake_modbus_slave.dir/MODBUS_SERVER/MODBUS_Server.c.obj
                0x080008e4                ModbusTask
 .text.LPUART1_IRQHandler
                0x0800095c       0x14 CMakeFiles/stm32l4r5zi_cmake_modbus_slave.dir/MODBUS_SERVER/MODBUS_usart.c.obj
                0x0800095c                LPUART1_IRQHandler
 .text.HAL_UARTEx_RxEventCallback
                0x08000970       0x70 CMakeFiles/stm32l4r5zi_cmake_modbus_slave.dir/MODBUS_SERVER/MODBUS_usart.c.obj
                0x08000970                HAL_UARTEx_RxEventCallback
 .text.MX_LPUART1_UART_Init
                0x080009e0      0x168 CMakeFiles/stm32l4r5zi_cmake_modbus_slave.dir/MODBUS_SERVER/MODBUS_usart.c.obj
                0x080009e0                MX_LPUART1_UART_Init
 .text.main     0x08000b48       0x1c CMakeFiles/stm32l4r5zi_cmake_modbus_slave.dir/Core/Src/main.c.obj
                0x08000b48                main
 .text.SystemClock_Config
                0x08000b64       0x8a CMakeFiles/stm32l4r5zi_cmake_modbus_slave.dir/Core/Src/main.c.obj
                0x08000b64                SystemClock_Config
 *fill*         0x08000bee        0x2 
 .text.HAL_TIM_PeriodElapsedCallback
                0x08000bf0       0x24 CMakeFiles/stm32l4r5zi_cmake_modbus_slave.dir/Core/Src/main.c.obj
                0x08000bf0                HAL_TIM_PeriodElapsedCallback
 .text.Error_Handler
                0x08000c14        0xc CMakeFiles/stm32l4r5zi_cmake_modbus_slave.dir/Core/Src/main.c.obj
                0x08000c14                Error_Handler
 .text.MX_GPIO_Init
                0x08000c20       0x60 CMakeFiles/stm32l4r5zi_cmake_modbus_slave.dir/Core/Src/gpio.c.obj
                0x08000c20                MX_GPIO_Init
 .text.NMI_Handler
                0x08000c80        0x8 CMakeFiles/stm32l4r5zi_cmake_modbus_slave.dir/Core/Src/stm32l4xx_it.c.obj
                0x08000c80                NMI_Handler
 .text.HardFault_Handler
                0x08000c88        0x8 CMakeFiles/stm32l4r5zi_cmake_modbus_slave.dir/Core/Src/stm32l4xx_it.c.obj
                0x08000c88                HardFault_Handler
 .text.MemManage_Handler
                0x08000c90        0x8 CMakeFiles/stm32l4r5zi_cmake_modbus_slave.dir/Core/Src/stm32l4xx_it.c.obj
                0x08000c90                MemManage_Handler
 .text.BusFault_Handler
                0x08000c98        0x8 CMakeFiles/stm32l4r5zi_cmake_modbus_slave.dir/Core/Src/stm32l4xx_it.c.obj
                0x08000c98                BusFault_Handler
 .text.UsageFault_Handler
                0x08000ca0        0x8 CMakeFiles/stm32l4r5zi_cmake_modbus_slave.dir/Core/Src/stm32l4xx_it.c.obj
                0x08000ca0                UsageFault_Handler
 .text.DebugMon_Handler
                0x08000ca8        0xe CMakeFiles/stm32l4r5zi_cmake_modbus_slave.dir/Core/Src/stm32l4xx_it.c.obj
                0x08000ca8                DebugMon_Handler
 *fill*         0x08000cb6        0x2 
 .text.TIM6_DAC_IRQHandler
                0x08000cb8       0x14 CMakeFiles/stm32l4r5zi_cmake_modbus_slave.dir/Core/Src/stm32l4xx_it.c.obj
                0x08000cb8                TIM6_DAC_IRQHandler
 .text.HAL_MspInit
                0x08000ccc       0x50 CMakeFiles/stm32l4r5zi_cmake_modbus_slave.dir/Core/Src/stm32l4xx_hal_msp.c.obj
                0x08000ccc                HAL_MspInit
 .text.HAL_InitTick
                0x08000d1c       0xf4 CMakeFiles/stm32l4r5zi_cmake_modbus_slave.dir/Core/Src/stm32l4xx_hal_timebase_tim.c.obj
                0x08000d1c                HAL_InitTick
 .text.HAL_TIM_Base_Init
                0x08000e10       0xae CMakeFiles/stm32l4r5zi_cmake_modbus_slave.dir/Drivers/STM32L4xx_HAL_Driver/Src/stm32l4xx_hal_tim.c.obj
                0x08000e10                HAL_TIM_Base_Init
 .text.HAL_TIM_Base_MspInit
                0x08000ebe       0x14 CMakeFiles/stm32l4r5zi_cmake_modbus_slave.dir/Drivers/STM32L4xx_HAL_Driver/Src/stm32l4xx_hal_tim.c.obj
                0x08000ebe                HAL_TIM_Base_MspInit
 *fill*         0x08000ed2        0x2 
 .text.HAL_TIM_Base_Start_IT
                0x08000ed4       0xe0 CMakeFiles/stm32l4r5zi_cmake_modbus_slave.dir/Drivers/STM32L4xx_HAL_Driver/Src/stm32l4xx_hal_tim.c.obj
                0x08000ed4                HAL_TIM_Base_Start_IT
 .text.HAL_TIM_IRQHandler
                0x08000fb4      0x20e CMakeFiles/stm32l4r5zi_cmake_modbus_slave.dir/Drivers/STM32L4xx_HAL_Driver/Src/stm32l4xx_hal_tim.c.obj
                0x08000fb4                HAL_TIM_IRQHandler
 .text.HAL_TIM_OC_DelayElapsedCallback
                0x080011c2       0x14 CMakeFiles/stm32l4r5zi_cmake_modbus_slave.dir/Drivers/STM32L4xx_HAL_Driver/Src/stm32l4xx_hal_tim.c.obj
                0x080011c2                HAL_TIM_OC_DelayElapsedCallback
 .text.HAL_TIM_IC_CaptureCallback
                0x080011d6       0x14 CMakeFiles/stm32l4r5zi_cmake_modbus_slave.dir/Drivers/STM32L4xx_HAL_Driver/Src/stm32l4xx_hal_tim.c.obj
                0x080011d6                HAL_TIM_IC_CaptureCallback
 .text.HAL_TIM_PWM_PulseFinishedCallback
                0x080011ea       0x14 CMakeFiles/stm32l4r5zi_cmake_modbus_slave.dir/Drivers/STM32L4xx_HAL_Driver/Src/stm32l4xx_hal_tim.c.obj
                0x080011ea                HAL_TIM_PWM_PulseFinishedCallback
 .text.HAL_TIM_TriggerCallback
                0x080011fe       0x14 CMakeFiles/stm32l4r5zi_cmake_modbus_slave.dir/Drivers/STM32L4xx_HAL_Driver/Src/stm32l4xx_hal_tim.c.obj
                0x080011fe                HAL_TIM_TriggerCallback
 *fill*         0x08001212        0x2 
 .text.TIM_Base_SetConfig
                0x08001214      0x14c CMakeFiles/stm32l4r5zi_cmake_modbus_slave.dir/Drivers/STM32L4xx_HAL_Driver/Src/stm32l4xx_hal_tim.c.obj
                0x08001214                TIM_Base_SetConfig
 .text.HAL_TIMEx_CommutCallback
                0x08001360       0x14 CMakeFiles/stm32l4r5zi_cmake_modbus_slave.dir/Drivers/STM32L4xx_HAL_Driver/Src/stm32l4xx_hal_tim_ex.c.obj
                0x08001360                HAL_TIMEx_CommutCallback
 .text.HAL_TIMEx_BreakCallback
                0x08001374       0x14 CMakeFiles/stm32l4r5zi_cmake_modbus_slave.dir/Drivers/STM32L4xx_HAL_Driver/Src/stm32l4xx_hal_tim_ex.c.obj
                0x08001374                HAL_TIMEx_BreakCallback
 .text.HAL_TIMEx_Break2Callback
                0x08001388       0x14 CMakeFiles/stm32l4r5zi_cmake_modbus_slave.dir/Drivers/STM32L4xx_HAL_Driver/Src/stm32l4xx_hal_tim_ex.c.obj
                0x08001388                HAL_TIMEx_Break2Callback
 .text.HAL_Init
                0x0800139c       0x30 CMakeFiles/stm32l4r5zi_cmake_modbus_slave.dir/Drivers/STM32L4xx_HAL_Driver/Src/stm32l4xx_hal.c.obj
                0x0800139c                HAL_Init
 .text.HAL_IncTick
                0x080013cc       0x28 CMakeFiles/stm32l4r5zi_cmake_modbus_slave.dir/Drivers/STM32L4xx_HAL_Driver/Src/stm32l4xx_hal.c.obj
                0x080013cc                HAL_IncTick
 .text.HAL_GetTick
                0x080013f4       0x18 CMakeFiles/stm32l4r5zi_cmake_modbus_slave.dir/Drivers/STM32L4xx_HAL_Driver/Src/stm32l4xx_hal.c.obj
                0x080013f4                HAL_GetTick
 .text.HAL_RCC_OscConfig
                0x0800140c      0x834 CMakeFiles/stm32l4r5zi_cmake_modbus_slave.dir/Drivers/STM32L4xx_HAL_Driver/Src/stm32l4xx_hal_rcc.c.obj
                0x0800140c                HAL_RCC_OscConfig
 .text.HAL_RCC_ClockConfig
                0x08001c40      0x274 CMakeFiles/stm32l4r5zi_cmake_modbus_slave.dir/Drivers/STM32L4xx_HAL_Driver/Src/stm32l4xx_hal_rcc.c.obj
                0x08001c40                HAL_RCC_ClockConfig
 .text.HAL_RCC_GetSysClockFreq
                0x08001eb4      0x118 CMakeFiles/stm32l4r5zi_cmake_modbus_slave.dir/Drivers/STM32L4xx_HAL_Driver/Src/stm32l4xx_hal_rcc.c.obj
                0x08001eb4                HAL_RCC_GetSysClockFreq
 .text.HAL_RCC_GetHCLKFreq
                0x08001fcc       0x18 CMakeFiles/stm32l4r5zi_cmake_modbus_slave.dir/Drivers/STM32L4xx_HAL_Driver/Src/stm32l4xx_hal_rcc.c.obj
                0x08001fcc                HAL_RCC_GetHCLKFreq
 .text.HAL_RCC_GetPCLK1Freq
                0x08001fe4       0x2c CMakeFiles/stm32l4r5zi_cmake_modbus_slave.dir/Drivers/STM32L4xx_HAL_Driver/Src/stm32l4xx_hal_rcc.c.obj
                0x08001fe4                HAL_RCC_GetPCLK1Freq
 .text.HAL_RCC_GetPCLK2Freq
                0x08002010       0x2c CMakeFiles/stm32l4r5zi_cmake_modbus_slave.dir/Drivers/STM32L4xx_HAL_Driver/Src/stm32l4xx_hal_rcc.c.obj
                0x08002010                HAL_RCC_GetPCLK2Freq
 .text.HAL_RCC_GetClockConfig
                0x0800203c       0x64 CMakeFiles/stm32l4r5zi_cmake_modbus_slave.dir/Drivers/STM32L4xx_HAL_Driver/Src/stm32l4xx_hal_rcc.c.obj
                0x0800203c                HAL_RCC_GetClockConfig
 .text.RCC_SetFlashLatencyFromMSIRange
                0x080020a0       0xb4 CMakeFiles/stm32l4r5zi_cmake_modbus_slave.dir/Drivers/STM32L4xx_HAL_Driver/Src/stm32l4xx_hal_rcc.c.obj
 .text.RCC_GetSysClockFreqFromPLLSource
                0x08002154       0xcc CMakeFiles/stm32l4r5zi_cmake_modbus_slave.dir/Drivers/STM32L4xx_HAL_Driver/Src/stm32l4xx_hal_rcc.c.obj
 .text.HAL_RCCEx_PeriphCLKConfig
                0x08002220      0x660 CMakeFiles/stm32l4r5zi_cmake_modbus_slave.dir/Drivers/STM32L4xx_HAL_Driver/Src/stm32l4xx_hal_rcc_ex.c.obj
                0x08002220                HAL_RCCEx_PeriphCLKConfig
 .text.RCCEx_PLLSAI1_Config
                0x08002880      0x1e8 CMakeFiles/stm32l4r5zi_cmake_modbus_slave.dir/Drivers/STM32L4xx_HAL_Driver/Src/stm32l4xx_hal_rcc_ex.c.obj
 .text.RCCEx_PLLSAI2_Config
                0x08002a68      0x1e8 CMakeFiles/stm32l4r5zi_cmake_modbus_slave.dir/Drivers/STM32L4xx_HAL_Driver/Src/stm32l4xx_hal_rcc_ex.c.obj
 .text.HAL_GPIO_Init
                0x08002c50      0x324 CMakeFiles/stm32l4r5zi_cmake_modbus_slave.dir/Drivers/STM32L4xx_HAL_Driver/Src/stm32l4xx_hal_gpio.c.obj
                0x08002c50                HAL_GPIO_Init
 .text.HAL_DMA_Abort
                0x08002f74       0xb8 CMakeFiles/stm32l4r5zi_cmake_modbus_slave.dir/Drivers/STM32L4xx_HAL_Driver/Src/stm32l4xx_hal_dma.c.obj
                0x08002f74                HAL_DMA_Abort
 .text.HAL_DMA_Abort_IT
                0x0800302c       0xbe CMakeFiles/stm32l4r5zi_cmake_modbus_slave.dir/Drivers/STM32L4xx_HAL_Driver/Src/stm32l4xx_hal_dma.c.obj
                0x0800302c                HAL_DMA_Abort_IT
 *fill*         0x080030ea        0x2 
 .text.HAL_PWREx_GetVoltageRange
                0x080030ec       0x40 CMakeFiles/stm32l4r5zi_cmake_modbus_slave.dir/Drivers/STM32L4xx_HAL_Driver/Src/stm32l4xx_hal_pwr_ex.c.obj
                0x080030ec                HAL_PWREx_GetVoltageRange
 .text.HAL_PWREx_ControlVoltageScaling
                0x0800312c      0x148 CMakeFiles/stm32l4r5zi_cmake_modbus_slave.dir/Drivers/STM32L4xx_HAL_Driver/Src/stm32l4xx_hal_pwr_ex.c.obj
                0x0800312c                HAL_PWREx_ControlVoltageScaling
 .text.HAL_PWREx_EnableVddIO2
                0x08003274       0x20 CMakeFiles/stm32l4r5zi_cmake_modbus_slave.dir/Drivers/STM32L4xx_HAL_Driver/Src/stm32l4xx_hal_pwr_ex.c.obj
                0x08003274                HAL_PWREx_EnableVddIO2
 .text.__NVIC_SetPriorityGrouping
                0x08003294       0x48 CMakeFiles/stm32l4r5zi_cmake_modbus_slave.dir/Drivers/STM32L4xx_HAL_Driver/Src/stm32l4xx_hal_cortex.c.obj
 .text.__NVIC_GetPriorityGrouping
                0x080032dc       0x1c CMakeFiles/stm32l4r5zi_cmake_modbus_slave.dir/Drivers/STM32L4xx_HAL_Driver/Src/stm32l4xx_hal_cortex.c.obj
 .text.__NVIC_EnableIRQ
                0x080032f8       0x3c CMakeFiles/stm32l4r5zi_cmake_modbus_slave.dir/Drivers/STM32L4xx_HAL_Driver/Src/stm32l4xx_hal_cortex.c.obj
 .text.__NVIC_SetPriority
                0x08003334       0x54 CMakeFiles/stm32l4r5zi_cmake_modbus_slave.dir/Drivers/STM32L4xx_HAL_Driver/Src/stm32l4xx_hal_cortex.c.obj
 .text.NVIC_EncodePriority
                0x08003388       0x66 CMakeFiles/stm32l4r5zi_cmake_modbus_slave.dir/Drivers/STM32L4xx_HAL_Driver/Src/stm32l4xx_hal_cortex.c.obj
 .text.HAL_NVIC_SetPriorityGrouping
                0x080033ee       0x16 CMakeFiles/stm32l4r5zi_cmake_modbus_slave.dir/Drivers/STM32L4xx_HAL_Driver/Src/stm32l4xx_hal_cortex.c.obj
                0x080033ee                HAL_NVIC_SetPriorityGrouping
 .text.HAL_NVIC_SetPriority
                0x08003404       0x38 CMakeFiles/stm32l4r5zi_cmake_modbus_slave.dir/Drivers/STM32L4xx_HAL_Driver/Src/stm32l4xx_hal_cortex.c.obj
                0x08003404                HAL_NVIC_SetPriority
 .text.HAL_NVIC_EnableIRQ
                0x0800343c       0x1c CMakeFiles/stm32l4r5zi_cmake_modbus_slave.dir/Drivers/STM32L4xx_HAL_Driver/Src/stm32l4xx_hal_cortex.c.obj
                0x0800343c                HAL_NVIC_EnableIRQ
 .text.HAL_UART_Init
                0x08003458       0xc0 CMakeFiles/stm32l4r5zi_cmake_modbus_slave.dir/Drivers/STM32L4xx_HAL_Driver/Src/stm32l4xx_hal_uart.c.obj
                0x08003458                HAL_UART_Init
 .text.HAL_UART_MspInit
                0x08003518       0x14 CMakeFiles/stm32l4r5zi_cmake_modbus_slave.dir/Drivers/STM32L4xx_HAL_Driver/Src/stm32l4xx_hal_uart.c.obj
                0x08003518                HAL_UART_MspInit
 .text.HAL_UART_Transmit_IT
                0x0800352c      0x128 CMakeFiles/stm32l4r5zi_cmake_modbus_slave.dir/Drivers/STM32L4xx_HAL_Driver/Src/stm32l4xx_hal_uart.c.obj
                0x0800352c                HAL_UART_Transmit_IT
 .text.HAL_UART_IRQHandler
                0x08003654      0x6a8 CMakeFiles/stm32l4r5zi_cmake_modbus_slave.dir/Drivers/STM32L4xx_HAL_Driver/Src/stm32l4xx_hal_uart.c.obj
                0x08003654                HAL_UART_IRQHandler
 .text.HAL_UART_TxCpltCallback
                0x08003cfc       0x14 CMakeFiles/stm32l4r5zi_cmake_modbus_slave.dir/Drivers/STM32L4xx_HAL_Driver/Src/stm32l4xx_hal_uart.c.obj
                0x08003cfc                HAL_UART_TxCpltCallback
 .text.HAL_UART_TxHalfCpltCallback
                0x08003d10       0x14 CMakeFiles/stm32l4r5zi_cmake_modbus_slave.dir/Drivers/STM32L4xx_HAL_Driver/Src/stm32l4xx_hal_uart.c.obj
                0x08003d10                HAL_UART_TxHalfCpltCallback
 .text.HAL_UART_RxCpltCallback
                0x08003d24       0x14 CMakeFiles/stm32l4r5zi_cmake_modbus_slave.dir/Drivers/STM32L4xx_HAL_Driver/Src/stm32l4xx_hal_uart.c.obj
                0x08003d24                HAL_UART_RxCpltCallback
 .text.HAL_UART_RxHalfCpltCallback
                0x08003d38       0x14 CMakeFiles/stm32l4r5zi_cmake_modbus_slave.dir/Drivers/STM32L4xx_HAL_Driver/Src/stm32l4xx_hal_uart.c.obj
                0x08003d38                HAL_UART_RxHalfCpltCallback
 .text.HAL_UART_ErrorCallback
                0x08003d4c       0x14 CMakeFiles/stm32l4r5zi_cmake_modbus_slave.dir/Drivers/STM32L4xx_HAL_Driver/Src/stm32l4xx_hal_uart.c.obj
                0x08003d4c                HAL_UART_ErrorCallback
 .text.HAL_UART_AbortCpltCallback
                0x08003d60       0x14 CMakeFiles/stm32l4r5zi_cmake_modbus_slave.dir/Drivers/STM32L4xx_HAL_Driver/Src/stm32l4xx_hal_uart.c.obj
                0x08003d60                HAL_UART_AbortCpltCallback
 .text.HAL_UART_AbortTransmitCpltCallback
                0x08003d74       0x14 CMakeFiles/stm32l4r5zi_cmake_modbus_slave.dir/Drivers/STM32L4xx_HAL_Driver/Src/stm32l4xx_hal_uart.c.obj
                0x08003d74                HAL_UART_AbortTransmitCpltCallback
 .text.HAL_UART_AbortReceiveCpltCallback
                0x08003d88       0x14 CMakeFiles/stm32l4r5zi_cmake_modbus_slave.dir/Drivers/STM32L4xx_HAL_Driver/Src/stm32l4xx_hal_uart.c.obj
                0x08003d88                HAL_UART_AbortReceiveCpltCallback
 .text.UART_InitCallbacksToDefault
                0x08003d9c       0xa4 CMakeFiles/stm32l4r5zi_cmake_modbus_slave.dir/Drivers/STM32L4xx_HAL_Driver/Src/stm32l4xx_hal_uart.c.obj
                0x08003d9c                UART_InitCallbacksToDefault
 .text.UART_SetConfig
                0x08003e40      0x5f8 CMakeFiles/stm32l4r5zi_cmake_modbus_slave.dir/Drivers/STM32L4xx_HAL_Driver/Src/stm32l4xx_hal_uart.c.obj
                0x08003e40                UART_SetConfig
 .text.UART_AdvFeatureConfig
                0x08004438      0x144 CMakeFiles/stm32l4r5zi_cmake_modbus_slave.dir/Drivers/STM32L4xx_HAL_Driver/Src/stm32l4xx_hal_uart.c.obj
                0x08004438                UART_AdvFeatureConfig
 .text.UART_CheckIdleState
                0x0800457c      0x154 CMakeFiles/stm32l4r5zi_cmake_modbus_slave.dir/Drivers/STM32L4xx_HAL_Driver/Src/stm32l4xx_hal_uart.c.obj
                0x0800457c                UART_CheckIdleState
 .text.UART_WaitOnFlagUntilTimeout
                0x080046d0       0xda CMakeFiles/stm32l4r5zi_cmake_modbus_slave.dir/Drivers/STM32L4xx_HAL_Driver/Src/stm32l4xx_hal_uart.c.obj
                0x080046d0                UART_WaitOnFlagUntilTimeout
 *fill*         0x080047aa        0x2 
 .text.UART_Start_Receive_IT
                0x080047ac      0x244 CMakeFiles/stm32l4r5zi_cmake_modbus_slave.dir/Drivers/STM32L4xx_HAL_Driver/Src/stm32l4xx_hal_uart.c.obj
                0x080047ac                UART_Start_Receive_IT
 .text.UART_EndRxTransfer
                0x080049f0       0xcc CMakeFiles/stm32l4r5zi_cmake_modbus_slave.dir/Drivers/STM32L4xx_HAL_Driver/Src/stm32l4xx_hal_uart.c.obj
 .text.UART_DMAAbortOnError
                0x08004abc       0x30 CMakeFiles/stm32l4r5zi_cmake_modbus_slave.dir/Drivers/STM32L4xx_HAL_Driver/Src/stm32l4xx_hal_uart.c.obj
 .text.UART_TxISR_8BIT
                0x08004aec       0xb8 CMakeFiles/stm32l4r5zi_cmake_modbus_slave.dir/Drivers/STM32L4xx_HAL_Driver/Src/stm32l4xx_hal_uart.c.obj
 .text.UART_TxISR_16BIT
                0x08004ba4       0xc2 CMakeFiles/stm32l4r5zi_cmake_modbus_slave.dir/Drivers/STM32L4xx_HAL_Driver/Src/stm32l4xx_hal_uart.c.obj
 .text.UART_TxISR_8BIT_FIFOEN
                0x08004c66       0xe0 CMakeFiles/stm32l4r5zi_cmake_modbus_slave.dir/Drivers/STM32L4xx_HAL_Driver/Src/stm32l4xx_hal_uart.c.obj
 .text.UART_TxISR_16BIT_FIFOEN
                0x08004d46       0xea CMakeFiles/stm32l4r5zi_cmake_modbus_slave.dir/Drivers/STM32L4xx_HAL_Driver/Src/stm32l4xx_hal_uart.c.obj
 .text.UART_EndTransmit_IT
                0x08004e30       0x5a CMakeFiles/stm32l4r5zi_cmake_modbus_slave.dir/Drivers/STM32L4xx_HAL_Driver/Src/stm32l4xx_hal_uart.c.obj
 *fill*         0x08004e8a        0x2 
 .text.UART_RxISR_8BIT
                0x08004e8c      0x1c4 CMakeFiles/stm32l4r5zi_cmake_modbus_slave.dir/Drivers/STM32L4xx_HAL_Driver/Src/stm32l4xx_hal_uart.c.obj
 .text.UART_RxISR_16BIT
                0x08005050      0x1c4 CMakeFiles/stm32l4r5zi_cmake_modbus_slave.dir/Drivers/STM32L4xx_HAL_Driver/Src/stm32l4xx_hal_uart.c.obj
 .text.UART_RxISR_8BIT_FIFOEN
                0x08005214      0x374 CMakeFiles/stm32l4r5zi_cmake_modbus_slave.dir/Drivers/STM32L4xx_HAL_Driver/Src/stm32l4xx_hal_uart.c.obj
 .text.UART_RxISR_16BIT_FIFOEN
                0x08005588      0x37c CMakeFiles/stm32l4r5zi_cmake_modbus_slave.dir/Drivers/STM32L4xx_HAL_Driver/Src/stm32l4xx_hal_uart.c.obj
 .text.HAL_UARTEx_WakeupCallback
                0x08005904       0x14 CMakeFiles/stm32l4r5zi_cmake_modbus_slave.dir/Drivers/STM32L4xx_HAL_Driver/Src/stm32l4xx_hal_uart_ex.c.obj
                0x08005904                HAL_UARTEx_WakeupCallback
 .text.HAL_UARTEx_RxFifoFullCallback
                0x08005918       0x14 CMakeFiles/stm32l4r5zi_cmake_modbus_slave.dir/Drivers/STM32L4xx_HAL_Driver/Src/stm32l4xx_hal_uart_ex.c.obj
                0x08005918                HAL_UARTEx_RxFifoFullCallback
 .text.HAL_UARTEx_TxFifoEmptyCallback
                0x0800592c       0x14 CMakeFiles/stm32l4r5zi_cmake_modbus_slave.dir/Drivers/STM32L4xx_HAL_Driver/Src/stm32l4xx_hal_uart_ex.c.obj
                0x0800592c                HAL_UARTEx_TxFifoEmptyCallback
 .text.HAL_UARTEx_DisableFifoMode
                0x08005940       0x72 CMakeFiles/stm32l4r5zi_cmake_modbus_slave.dir/Drivers/STM32L4xx_HAL_Driver/Src/stm32l4xx_hal_uart_ex.c.obj
                0x08005940                HAL_UARTEx_DisableFifoMode
 .text.HAL_UARTEx_SetTxFifoThreshold
                0x080059b2       0x7c CMakeFiles/stm32l4r5zi_cmake_modbus_slave.dir/Drivers/STM32L4xx_HAL_Driver/Src/stm32l4xx_hal_uart_ex.c.obj
                0x080059b2                HAL_UARTEx_SetTxFifoThreshold
 .text.HAL_UARTEx_SetRxFifoThreshold
                0x08005a2e       0x7c CMakeFiles/stm32l4r5zi_cmake_modbus_slave.dir/Drivers/STM32L4xx_HAL_Driver/Src/stm32l4xx_hal_uart_ex.c.obj
                0x08005a2e                HAL_UARTEx_SetRxFifoThreshold
 .text.HAL_UARTEx_ReceiveToIdle_IT
                0x08005aaa       0xa0 CMakeFiles/stm32l4r5zi_cmake_modbus_slave.dir/Drivers/STM32L4xx_HAL_Driver/Src/stm32l4xx_hal_uart_ex.c.obj
                0x08005aaa                HAL_UARTEx_ReceiveToIdle_IT
 *fill*         0x08005b4a        0x2 
 .text.UARTEx_SetNbDataToProcess
                0x08005b4c       0x9c CMakeFiles/stm32l4r5zi_cmake_modbus_slave.dir/Drivers/STM32L4xx_HAL_Driver/Src/stm32l4xx_hal_uart_ex.c.obj
 .text.SystemInit
                0x08005be8       0x24 CMakeFiles/stm32l4r5zi_cmake_modbus_slave.dir/Core/Src/system_stm32l4xx.c.obj
                0x08005be8                SystemInit
 .text.vListInitialise
                0x08005c0c       0x40 CMakeFiles/stm32l4r5zi_cmake_modbus_slave.dir/Middlewares/Third_Party/FreeRTOS/Source/list.c.obj
                0x08005c0c                vListInitialise
 .text.vListInitialiseItem
                0x08005c4c       0x1a CMakeFiles/stm32l4r5zi_cmake_modbus_slave.dir/Middlewares/Third_Party/FreeRTOS/Source/list.c.obj
                0x08005c4c                vListInitialiseItem
 .text.vListInsertEnd
                0x08005c66       0x48 CMakeFiles/stm32l4r5zi_cmake_modbus_slave.dir/Middlewares/Third_Party/FreeRTOS/Source/list.c.obj
                0x08005c66                vListInsertEnd
 .text.vListInsert
                0x08005cae       0x72 CMakeFiles/stm32l4r5zi_cmake_modbus_slave.dir/Middlewares/Third_Party/FreeRTOS/Source/list.c.obj
                0x08005cae                vListInsert
 .text.uxListRemove
                0x08005d20       0x54 CMakeFiles/stm32l4r5zi_cmake_modbus_slave.dir/Middlewares/Third_Party/FreeRTOS/Source/list.c.obj
                0x08005d20                uxListRemove
 .text.xQueueGenericReset
                0x08005d74       0xd4 CMakeFiles/stm32l4r5zi_cmake_modbus_slave.dir/Middlewares/Third_Party/FreeRTOS/Source/queue.c.obj
                0x08005d74                xQueueGenericReset
 .text.xQueueGenericCreateStatic
                0x08005e48       0xfa CMakeFiles/stm32l4r5zi_cmake_modbus_slave.dir/Middlewares/Third_Party/FreeRTOS/Source/queue.c.obj
                0x08005e48                xQueueGenericCreateStatic
 .text.prvInitialiseNewQueue
                0x08005f42       0x46 CMakeFiles/stm32l4r5zi_cmake_modbus_slave.dir/Middlewares/Third_Party/FreeRTOS/Source/queue.c.obj
 .text.xQueueGenericSend
                0x08005f88      0x204 CMakeFiles/stm32l4r5zi_cmake_modbus_slave.dir/Middlewares/Third_Party/FreeRTOS/Source/queue.c.obj
                0x08005f88                xQueueGenericSend
 .text.xQueueGenericSendFromISR
                0x0800618c      0x13c CMakeFiles/stm32l4r5zi_cmake_modbus_slave.dir/Middlewares/Third_Party/FreeRTOS/Source/queue.c.obj
                0x0800618c                xQueueGenericSendFromISR
 .text.xQueueReceive
                0x080062c8      0x1c4 CMakeFiles/stm32l4r5zi_cmake_modbus_slave.dir/Middlewares/Third_Party/FreeRTOS/Source/queue.c.obj
                0x080062c8                xQueueReceive
 .text.prvCopyDataToQueue
                0x0800648c       0xd4 CMakeFiles/stm32l4r5zi_cmake_modbus_slave.dir/Middlewares/Third_Party/FreeRTOS/Source/queue.c.obj
 .text.prvCopyDataFromQueue
                0x08006560       0x4c CMakeFiles/stm32l4r5zi_cmake_modbus_slave.dir/Middlewares/Third_Party/FreeRTOS/Source/queue.c.obj
 .text.prvUnlockQueue
                0x080065ac       0xa4 CMakeFiles/stm32l4r5zi_cmake_modbus_slave.dir/Middlewares/Third_Party/FreeRTOS/Source/queue.c.obj
 .text.prvIsQueueEmpty
                0x08006650       0x2c CMakeFiles/stm32l4r5zi_cmake_modbus_slave.dir/Middlewares/Third_Party/FreeRTOS/Source/queue.c.obj
 .text.prvIsQueueFull
                0x0800667c       0x30 CMakeFiles/stm32l4r5zi_cmake_modbus_slave.dir/Middlewares/Third_Party/FreeRTOS/Source/queue.c.obj
 .text.vQueueAddToRegistry
                0x080066ac       0x54 CMakeFiles/stm32l4r5zi_cmake_modbus_slave.dir/Middlewares/Third_Party/FreeRTOS/Source/queue.c.obj
                0x080066ac                vQueueAddToRegistry
 .text.vQueueWaitForMessageRestricted
                0x08006700       0x68 CMakeFiles/stm32l4r5zi_cmake_modbus_slave.dir/Middlewares/Third_Party/FreeRTOS/Source/queue.c.obj
                0x08006700                vQueueWaitForMessageRestricted
 .text.xTaskCreateStatic
                0x08006768       0xc4 CMakeFiles/stm32l4r5zi_cmake_modbus_slave.dir/Middlewares/Third_Party/FreeRTOS/Source/tasks.c.obj
                0x08006768                xTaskCreateStatic
 .text.xTaskCreate
                0x0800682c       0x8c CMakeFiles/stm32l4r5zi_cmake_modbus_slave.dir/Middlewares/Third_Party/FreeRTOS/Source/tasks.c.obj
                0x0800682c                xTaskCreate
 .text.prvInitialiseNewTask
                0x080068b8      0x1a0 CMakeFiles/stm32l4r5zi_cmake_modbus_slave.dir/Middlewares/Third_Party/FreeRTOS/Source/tasks.c.obj
 .text.prvAddNewTaskToReadyList
                0x08006a58       0xe0 CMakeFiles/stm32l4r5zi_cmake_modbus_slave.dir/Middlewares/Third_Party/FreeRTOS/Source/tasks.c.obj
 .text.vTaskDelay
                0x08006b38       0x6c CMakeFiles/stm32l4r5zi_cmake_modbus_slave.dir/Middlewares/Third_Party/FreeRTOS/Source/tasks.c.obj
                0x08006b38                vTaskDelay
 .text.vTaskStartScheduler
                0x08006ba4       0xe0 CMakeFiles/stm32l4r5zi_cmake_modbus_slave.dir/Middlewares/Third_Party/FreeRTOS/Source/tasks.c.obj
                0x08006ba4                vTaskStartScheduler
 .text.vTaskSuspendAll
                0x08006c84       0x1c CMakeFiles/stm32l4r5zi_cmake_modbus_slave.dir/Middlewares/Third_Party/FreeRTOS/Source/tasks.c.obj
                0x08006c84                vTaskSuspendAll
 .text.xTaskResumeAll
                0x08006ca0      0x13c CMakeFiles/stm32l4r5zi_cmake_modbus_slave.dir/Middlewares/Third_Party/FreeRTOS/Source/tasks.c.obj
                0x08006ca0                xTaskResumeAll
 .text.xTaskGetTickCount
                0x08006ddc       0x20 CMakeFiles/stm32l4r5zi_cmake_modbus_slave.dir/Middlewares/Third_Party/FreeRTOS/Source/tasks.c.obj
                0x08006ddc                xTaskGetTickCount
 .text.xTaskIncrementTick
                0x08006dfc      0x174 CMakeFiles/stm32l4r5zi_cmake_modbus_slave.dir/Middlewares/Third_Party/FreeRTOS/Source/tasks.c.obj
                0x08006dfc                xTaskIncrementTick
 .text.vTaskSwitchContext
                0x08006f70       0xcc CMakeFiles/stm32l4r5zi_cmake_modbus_slave.dir/Middlewares/Third_Party/FreeRTOS/Source/tasks.c.obj
                0x08006f70                vTaskSwitchContext
 .text.vTaskPlaceOnEventList
                0x0800703c       0x4c CMakeFiles/stm32l4r5zi_cmake_modbus_slave.dir/Middlewares/Third_Party/FreeRTOS/Source/tasks.c.obj
                0x0800703c                vTaskPlaceOnEventList
 .text.vTaskPlaceOnEventListRestricted
                0x08007088       0x58 CMakeFiles/stm32l4r5zi_cmake_modbus_slave.dir/Middlewares/Third_Party/FreeRTOS/Source/tasks.c.obj
                0x08007088                vTaskPlaceOnEventListRestricted
 .text.xTaskRemoveFromEventList
                0x080070e0       0xc8 CMakeFiles/stm32l4r5zi_cmake_modbus_slave.dir/Middlewares/Third_Party/FreeRTOS/Source/tasks.c.obj
                0x080070e0                xTaskRemoveFromEventList
 .text.vTaskInternalSetTimeOutState
                0x080071a8       0x2c CMakeFiles/stm32l4r5zi_cmake_modbus_slave.dir/Middlewares/Third_Party/FreeRTOS/Source/tasks.c.obj
                0x080071a8                vTaskInternalSetTimeOutState
 .text.xTaskCheckForTimeOut
                0x080071d4       0xc8 CMakeFiles/stm32l4r5zi_cmake_modbus_slave.dir/Middlewares/Third_Party/FreeRTOS/Source/tasks.c.obj
                0x080071d4                xTaskCheckForTimeOut
 .text.vTaskMissedYield
                0x0800729c       0x18 CMakeFiles/stm32l4r5zi_cmake_modbus_slave.dir/Middlewares/Third_Party/FreeRTOS/Source/tasks.c.obj
                0x0800729c                vTaskMissedYield
 .text.prvIdleTask
                0x080072b4       0x30 CMakeFiles/stm32l4r5zi_cmake_modbus_slave.dir/Middlewares/Third_Party/FreeRTOS/Source/tasks.c.obj
 .text.prvInitialiseTaskLists
                0x080072e4       0x80 CMakeFiles/stm32l4r5zi_cmake_modbus_slave.dir/Middlewares/Third_Party/FreeRTOS/Source/tasks.c.obj
 .text.prvCheckTasksWaitingTermination
                0x08007364       0x5c CMakeFiles/stm32l4r5zi_cmake_modbus_slave.dir/Middlewares/Third_Party/FreeRTOS/Source/tasks.c.obj
 .text.prvDeleteTCB
                0x080073c0       0x6a CMakeFiles/stm32l4r5zi_cmake_modbus_slave.dir/Middlewares/Third_Party/FreeRTOS/Source/tasks.c.obj
 *fill*         0x0800742a        0x2 
 .text.prvResetNextTaskUnblockTime
                0x0800742c       0x40 CMakeFiles/stm32l4r5zi_cmake_modbus_slave.dir/Middlewares/Third_Party/FreeRTOS/Source/tasks.c.obj
 .text.xTaskGetSchedulerState
                0x0800746c       0x3c CMakeFiles/stm32l4r5zi_cmake_modbus_slave.dir/Middlewares/Third_Party/FreeRTOS/Source/tasks.c.obj
                0x0800746c                xTaskGetSchedulerState
 .text.xTaskPriorityDisinherit
                0x080074a8       0xe0 CMakeFiles/stm32l4r5zi_cmake_modbus_slave.dir/Middlewares/Third_Party/FreeRTOS/Source/tasks.c.obj
                0x080074a8                xTaskPriorityDisinherit
 .text.xTaskNotifyWait
                0x08007588       0xc0 CMakeFiles/stm32l4r5zi_cmake_modbus_slave.dir/Middlewares/Third_Party/FreeRTOS/Source/tasks.c.obj
                0x08007588                xTaskNotifyWait
 .text.xTaskGenericNotifyFromISR
                0x08007648      0x1cc CMakeFiles/stm32l4r5zi_cmake_modbus_slave.dir/Middlewares/Third_Party/FreeRTOS/Source/tasks.c.obj
                0x08007648                xTaskGenericNotifyFromISR
 .text.prvAddCurrentTaskToDelayedList
                0x08007814       0xa8 CMakeFiles/stm32l4r5zi_cmake_modbus_slave.dir/Middlewares/Third_Party/FreeRTOS/Source/tasks.c.obj
 .text.xTimerCreateTimerTask
                0x080078bc       0x94 CMakeFiles/stm32l4r5zi_cmake_modbus_slave.dir/Middlewares/Third_Party/FreeRTOS/Source/timers.c.obj
                0x080078bc                xTimerCreateTimerTask
 .text.xTimerGenericCommand
                0x08007950       0x9c CMakeFiles/stm32l4r5zi_cmake_modbus_slave.dir/Middlewares/Third_Party/FreeRTOS/Source/timers.c.obj
                0x08007950                xTimerGenericCommand
 .text.prvProcessExpiredTimer
                0x080079ec       0x9c CMakeFiles/stm32l4r5zi_cmake_modbus_slave.dir/Middlewares/Third_Party/FreeRTOS/Source/timers.c.obj
 .text.prvTimerTask
                0x08007a88       0x26 CMakeFiles/stm32l4r5zi_cmake_modbus_slave.dir/Middlewares/Third_Party/FreeRTOS/Source/timers.c.obj
 *fill*         0x08007aae        0x2 
 .text.prvProcessTimerOrBlockTask
                0x08007ab0       0x9c CMakeFiles/stm32l4r5zi_cmake_modbus_slave.dir/Middlewares/Third_Party/FreeRTOS/Source/timers.c.obj
 .text.prvGetNextExpireTime
                0x08007b4c       0x48 CMakeFiles/stm32l4r5zi_cmake_modbus_slave.dir/Middlewares/Third_Party/FreeRTOS/Source/timers.c.obj
 .text.prvSampleTimeNow
                0x08007b94       0x40 CMakeFiles/stm32l4r5zi_cmake_modbus_slave.dir/Middlewares/Third_Party/FreeRTOS/Source/timers.c.obj
 .text.prvInsertTimerInActiveList
                0x08007bd4       0x84 CMakeFiles/stm32l4r5zi_cmake_modbus_slave.dir/Middlewares/Third_Party/FreeRTOS/Source/timers.c.obj
 .text.prvProcessReceivedCommands
                0x08007c58      0x1cc CMakeFiles/stm32l4r5zi_cmake_modbus_slave.dir/Middlewares/Third_Party/FreeRTOS/Source/timers.c.obj
 .text.prvSwitchTimerLists
                0x08007e24       0xcc CMakeFiles/stm32l4r5zi_cmake_modbus_slave.dir/Middlewares/Third_Party/FreeRTOS/Source/timers.c.obj
 .text.prvCheckForValidListAndQueue
                0x08007ef0       0x80 CMakeFiles/stm32l4r5zi_cmake_modbus_slave.dir/Middlewares/Third_Party/FreeRTOS/Source/timers.c.obj
 .text.SysTick_Handler
                0x08007f70       0x20 CMakeFiles/stm32l4r5zi_cmake_modbus_slave.dir/Middlewares/Third_Party/FreeRTOS/Source/CMSIS_RTOS_V2/cmsis_os2.c.obj
                0x08007f70                SysTick_Handler
 .text.vApplicationGetIdleTaskMemory
                0x08007f90       0x34 CMakeFiles/stm32l4r5zi_cmake_modbus_slave.dir/Middlewares/Third_Party/FreeRTOS/Source/CMSIS_RTOS_V2/cmsis_os2.c.obj
                0x08007f90                vApplicationGetIdleTaskMemory
 .text.vApplicationGetTimerTaskMemory
                0x08007fc4       0x34 CMakeFiles/stm32l4r5zi_cmake_modbus_slave.dir/Middlewares/Third_Party/FreeRTOS/Source/CMSIS_RTOS_V2/cmsis_os2.c.obj
                0x08007fc4                vApplicationGetTimerTaskMemory
 .text.pvPortMalloc
                0x08007ff8      0x19c CMakeFiles/stm32l4r5zi_cmake_modbus_slave.dir/Middlewares/Third_Party/FreeRTOS/Source/portable/MemMang/heap_4.c.obj
                0x08007ff8                pvPortMalloc
 .text.vPortFree
                0x08008194       0xc8 CMakeFiles/stm32l4r5zi_cmake_modbus_slave.dir/Middlewares/Third_Party/FreeRTOS/Source/portable/MemMang/heap_4.c.obj
                0x08008194                vPortFree
 .text.prvHeapInit
                0x0800825c       0xc4 CMakeFiles/stm32l4r5zi_cmake_modbus_slave.dir/Middlewares/Third_Party/FreeRTOS/Source/portable/MemMang/heap_4.c.obj
 .text.prvInsertBlockIntoFreeList
                0x08008320       0xb4 CMakeFiles/stm32l4r5zi_cmake_modbus_slave.dir/Middlewares/Third_Party/FreeRTOS/Source/portable/MemMang/heap_4.c.obj
 .text.pxPortInitialiseStack
                0x080083d4       0x68 CMakeFiles/stm32l4r5zi_cmake_modbus_slave.dir/Middlewares/Third_Party/FreeRTOS/Source/portable/GCC/ARM_CM4F/port.c.obj
                0x080083d4                pxPortInitialiseStack
 .text.prvTaskExitError
                0x0800843c       0x5c CMakeFiles/stm32l4r5zi_cmake_modbus_slave.dir/Middlewares/Third_Party/FreeRTOS/Source/portable/GCC/ARM_CM4F/port.c.obj
 *fill*         0x08008498        0x8 
 .text.SVC_Handler
                0x080084a0       0x28 CMakeFiles/stm32l4r5zi_cmake_modbus_slave.dir/Middlewares/Third_Party/FreeRTOS/Source/portable/GCC/ARM_CM4F/port.c.obj
                0x080084a0                SVC_Handler
 .text.prvPortStartFirstTask
                0x080084c8       0x28 CMakeFiles/stm32l4r5zi_cmake_modbus_slave.dir/Middlewares/Third_Party/FreeRTOS/Source/portable/GCC/ARM_CM4F/port.c.obj
 .text.xPortStartScheduler
                0x080084f0      0x148 CMakeFiles/stm32l4r5zi_cmake_modbus_slave.dir/Middlewares/Third_Party/FreeRTOS/Source/portable/GCC/ARM_CM4F/port.c.obj
                0x080084f0                xPortStartScheduler
 .text.vPortEnterCritical
                0x08008638       0x64 CMakeFiles/stm32l4r5zi_cmake_modbus_slave.dir/Middlewares/Third_Party/FreeRTOS/Source/portable/GCC/ARM_CM4F/port.c.obj
                0x08008638                vPortEnterCritical
 .text.vPortExitCritical
                0x0800869c       0x54 CMakeFiles/stm32l4r5zi_cmake_modbus_slave.dir/Middlewares/Third_Party/FreeRTOS/Source/portable/GCC/ARM_CM4F/port.c.obj
                0x0800869c                vPortExitCritical
 .text.PendSV_Handler
                0x080086f0       0x68 CMakeFiles/stm32l4r5zi_cmake_modbus_slave.dir/Middlewares/Third_Party/FreeRTOS/Source/portable/GCC/ARM_CM4F/port.c.obj
                0x080086f0                PendSV_Handler
 .text.xPortSysTickHandler
                0x08008758       0x44 CMakeFiles/stm32l4r5zi_cmake_modbus_slave.dir/Middlewares/Third_Party/FreeRTOS/Source/portable/GCC/ARM_CM4F/port.c.obj
                0x08008758                xPortSysTickHandler
 .text.vPortSetupTimerInterrupt
                0x0800879c       0x48 CMakeFiles/stm32l4r5zi_cmake_modbus_slave.dir/Middlewares/Third_Party/FreeRTOS/Source/portable/GCC/ARM_CM4F/port.c.obj
                0x0800879c                vPortSetupTimerInterrupt
 .text.vPortEnableVFP
                0x080087e4       0x14 CMakeFiles/stm32l4r5zi_cmake_modbus_slave.dir/Middlewares/Third_Party/FreeRTOS/Source/portable/GCC/ARM_CM4F/port.c.obj
 .text.vPortValidateInterruptPriority
                0x080087f8       0x84 CMakeFiles/stm32l4r5zi_cmake_modbus_slave.dir/Middlewares/Third_Party/FreeRTOS/Source/portable/GCC/ARM_CM4F/port.c.obj
                0x080087f8                vPortValidateInterruptPriority
 .text._sbrk    0x0800887c       0x6c CMakeFiles/stm32l4r5zi_cmake_modbus_slave.dir/Core/Src/sysmem.c.obj
                0x0800887c                _sbrk
 .text.Reset_Handler
                0x080088e8       0x50 CMakeFiles/stm32l4r5zi_cmake_modbus_slave.dir/startup_stm32l4r5xx.s.obj
                0x080088e8                Reset_Handler
 .text.Default_Handler
                0x08008938        0x2 CMakeFiles/stm32l4r5zi_cmake_modbus_slave.dir/startup_stm32l4r5xx.s.obj
                0x08008938                RTC_Alarm_IRQHandler
                0x08008938                EXTI2_IRQHandler
                0x08008938                TIM8_TRG_COM_IRQHandler
                0x08008938                TIM8_CC_IRQHandler
                0x08008938                TIM1_CC_IRQHandler
                0x08008938                TSC_IRQHandler
                0x08008938                TAMP_STAMP_IRQHandler
                0x08008938                EXTI3_IRQHandler
                0x08008938                LPTIM2_IRQHandler
                0x08008938                DFSDM1_FLT1_IRQHandler
                0x08008938                GFXMMU_IRQHandler
                0x08008938                I2C3_ER_IRQHandler
                0x08008938                DFSDM1_FLT2_IRQHandler
                0x08008938                EXTI0_IRQHandler
                0x08008938                I2C2_EV_IRQHandler
                0x08008938                CAN1_RX0_IRQHandler
                0x08008938                FPU_IRQHandler
                0x08008938                TIM1_UP_TIM16_IRQHandler
                0x08008938                LTDC_ER_IRQHandler
                0x08008938                SPI1_IRQHandler
                0x08008938                OCTOSPI1_IRQHandler
                0x08008938                DCMI_IRQHandler
                0x08008938                TIM8_UP_IRQHandler
                0x08008938                OCTOSPI2_IRQHandler
                0x08008938                DMA2_Channel2_IRQHandler
                0x08008938                DMA1_Channel4_IRQHandler
                0x08008938                SAI2_IRQHandler
                0x08008938                ADC1_IRQHandler
                0x08008938                DFSDM1_FLT3_IRQHandler
                0x08008938                USART3_IRQHandler
                0x08008938                DMA1_Channel7_IRQHandler
                0x08008938                CAN1_RX1_IRQHandler
                0x08008938                UART5_IRQHandler
                0x08008938                TIM4_IRQHandler
                0x08008938                DMA2_Channel1_IRQHandler
                0x08008938                I2C1_EV_IRQHandler
                0x08008938                DMAMUX1_OVR_IRQHandler
                0x08008938                DMA1_Channel6_IRQHandler
                0x08008938                UART4_IRQHandler
                0x08008938                DMA2_Channel4_IRQHandler
                0x08008938                TIM3_IRQHandler
                0x08008938                RCC_IRQHandler
                0x08008938                DMA1_Channel1_IRQHandler
                0x08008938                Default_Handler
                0x08008938                DMA2_Channel7_IRQHandler
                0x08008938                EXTI15_10_IRQHandler
                0x08008938                TIM7_IRQHandler
                0x08008938                SDMMC1_IRQHandler
                0x08008938                TIM5_IRQHandler
                0x08008938                I2C3_EV_IRQHandler
                0x08008938                EXTI9_5_IRQHandler
                0x08008938                RTC_WKUP_IRQHandler
                0x08008938                LTDC_IRQHandler
                0x08008938                PVD_PVM_IRQHandler
                0x08008938                SPI2_IRQHandler
                0x08008938                CAN1_TX_IRQHandler
                0x08008938                DMA2_Channel5_IRQHandler
                0x08008938                CRS_IRQHandler
                0x08008938                DMA1_Channel5_IRQHandler
                0x08008938                EXTI4_IRQHandler
                0x08008938                RNG_IRQHandler
                0x08008938                TIM1_TRG_COM_TIM17_IRQHandler
                0x08008938                DMA1_Channel3_IRQHandler
                0x08008938                COMP_IRQHandler
                0x08008938                WWDG_IRQHandler
                0x08008938                I2C4_EV_IRQHandler
                0x08008938                DMA2_Channel6_IRQHandler
                0x08008938                TIM2_IRQHandler
                0x08008938                DMA2D_IRQHandler
                0x08008938                EXTI1_IRQHandler
                0x08008938                USART2_IRQHandler
                0x08008938                DFSDM1_FLT0_IRQHandler
                0x08008938                I2C2_ER_IRQHandler
                0x08008938                DMA1_Channel2_IRQHandler
                0x08008938                TIM8_BRK_IRQHandler
                0x08008938                CAN1_SCE_IRQHandler
                0x08008938                FLASH_IRQHandler
                0x08008938                USART1_IRQHandler
                0x08008938                OTG_FS_IRQHandler
                0x08008938                SPI3_IRQHandler
                0x08008938                I2C1_ER_IRQHandler
                0x08008938                FMC_IRQHandler
                0x08008938                LPTIM1_IRQHandler
                0x08008938                I2C4_ER_IRQHandler
                0x08008938                SAI1_IRQHandler
                0x08008938                DMA2_Channel3_IRQHandler
                0x08008938                TIM1_BRK_TIM15_IRQHandler
 *fill*         0x0800893a        0x2 
 .text.snprintf
                0x0800893c       0x68 /opt/st/stm32cubeclt_1.17.0/GNU-tools-for-STM32/bin/../lib/gcc/arm-none-eabi/12.3.1/../../../../arm-none-eabi/lib/thumb/v7e-m+fp/hard/libg_nano.a(libc_a-snprintf.o)
                0x0800893c                snprintf
                0x0800893c                sniprintf
 .text.__errno  0x080089a4        0xc /opt/st/stm32cubeclt_1.17.0/GNU-tools-for-STM32/bin/../lib/gcc/arm-none-eabi/12.3.1/../../../../arm-none-eabi/lib/thumb/v7e-m+fp/hard/libg_nano.a(libc_a-errno.o)
                0x080089a4                __errno
 .text.memcpy   0x080089b0       0x1c /opt/st/stm32cubeclt_1.17.0/GNU-tools-for-STM32/bin/../lib/gcc/arm-none-eabi/12.3.1/../../../../arm-none-eabi/lib/thumb/v7e-m+fp/hard/libg_nano.a(libc_a-memcpy-stub.o)
                0x080089b0                memcpy
 .text.__ssputs_r
                0x080089cc       0xb6 /opt/st/stm32cubeclt_1.17.0/GNU-tools-for-STM32/bin/../lib/gcc/arm-none-eabi/12.3.1/../../../../arm-none-eabi/lib/thumb/v7e-m+fp/hard/libg_nano.a(libc_a-nano-svfprintf.o)
                0x080089cc                __ssputs_r
 *fill*         0x08008a82        0x2 
 .text._svfprintf_r
                0x08008a84      0x1f8 /opt/st/stm32cubeclt_1.17.0/GNU-tools-for-STM32/bin/../lib/gcc/arm-none-eabi/12.3.1/../../../../arm-none-eabi/lib/thumb/v7e-m+fp/hard/libg_nano.a(libc_a-nano-svfprintf.o)
                0x08008a84                _svfprintf_r
                0x08008a84                _svfiprintf_r
 .text._printf_common
                0x08008c7c       0xda /opt/st/stm32cubeclt_1.17.0/GNU-tools-for-STM32/bin/../lib/gcc/arm-none-eabi/12.3.1/../../../../arm-none-eabi/lib/thumb/v7e-m+fp/hard/libg_nano.a(libc_a-nano-vfprintf_i.o)
                0x08008c7c                _printf_common
 *fill*         0x08008d56        0x2 
 .text._printf_i
                0x08008d58      0x240 /opt/st/stm32cubeclt_1.17.0/GNU-tools-for-STM32/bin/../lib/gcc/arm-none-eabi/12.3.1/../../../../arm-none-eabi/lib/thumb/v7e-m+fp/hard/libg_nano.a(libc_a-nano-vfprintf_i.o)
                0x08008d58                _printf_i
 .text.memmove  0x08008f98       0x34 /opt/st/stm32cubeclt_1.17.0/GNU-tools-for-STM32/bin/../lib/gcc/arm-none-eabi/12.3.1/../../../../arm-none-eabi/lib/thumb/v7e-m+fp/hard/libg_nano.a(libc_a-memmove.o)
                0x08008f98                memmove
 .text._realloc_r
                0x08008fcc       0x5c /opt/st/stm32cubeclt_1.17.0/GNU-tools-for-STM32/bin/../lib/gcc/arm-none-eabi/12.3.1/../../../../arm-none-eabi/lib/thumb/v7e-m+fp/hard/libg_nano.a(libc_a-reallocr.o)
                0x08008fcc                _realloc_r
 .text._malloc_usable_size_r
                0x08009028       0x10 /opt/st/stm32cubeclt_1.17.0/GNU-tools-for-STM32/bin/../lib/gcc/arm-none-eabi/12.3.1/../../../../arm-none-eabi/lib/thumb/v7e-m+fp/hard/libg_nano.a(libc_a-msizer.o)
                0x08009028                _malloc_usable_size_r
 *(.glue_7)
 .glue_7        0x08009038        0x0 linker stubs
 *(.glue_7t)
 .glue_7t       0x08009038        0x0 linker stubs
 *(.eh_frame)
 .eh_frame      0x08009038        0x0 /opt/st/stm32cubeclt_1.17.0/GNU-tools-for-STM32/bin/../lib/gcc/arm-none-eabi/12.3.1/thumb/v7e-m+fp/hard/crtbegin.o
 *(.init)
 .init          0x08009038        0x4 /opt/st/stm32cubeclt_1.17.0/GNU-tools-for-STM32/bin/../lib/gcc/arm-none-eabi/12.3.1/thumb/v7e-m+fp/hard/crti.o
                0x08009038                _init
 .init          0x0800903c        0x8 /opt/st/stm32cubeclt_1.17.0/GNU-tools-for-STM32/bin/../lib/gcc/arm-none-eabi/12.3.1/thumb/v7e-m+fp/hard/crtn.o
 *(.fini)
 .fini          0x08009044        0x4 /opt/st/stm32cubeclt_1.17.0/GNU-tools-for-STM32/bin/../lib/gcc/arm-none-eabi/12.3.1/thumb/v7e-m+fp/hard/crti.o
                0x08009044                _fini
 .fini          0x08009048        0x8 /opt/st/stm32cubeclt_1.17.0/GNU-tools-for-STM32/bin/../lib/gcc/arm-none-eabi/12.3.1/thumb/v7e-m+fp/hard/crtn.o
                0x08009050                        . = ALIGN (0x8)
                0x08009050                        _etext = .

.vfp11_veneer   0x08009050        0x0
 .vfp11_veneer  0x08009050        0x0 linker stubs

.v4_bx          0x08009050        0x0
 .v4_bx         0x08009050        0x0 linker stubs

.iplt           0x08009050        0x0
 .iplt          0x08009050        0x0 /opt/st/stm32cubeclt_1.17.0/GNU-tools-for-STM32/bin/../lib/gcc/arm-none-eabi/12.3.1/thumb/v7e-m+fp/hard/crtbegin.o

.rodata         0x08009050       0xe0
                0x08009050                        . = ALIGN (0x8)
 *(.rodata)
 .rodata        0x08009050       0x24 CMakeFiles/stm32l4r5zi_cmake_modbus_slave.dir/MODBUS_SERVER/MODBUS_Server.c.obj
 .rodata        0x08009074        0x5 CMakeFiles/stm32l4r5zi_cmake_modbus_slave.dir/Middlewares/Third_Party/FreeRTOS/Source/tasks.c.obj
 *fill*         0x08009079        0x3 
 .rodata        0x0800907c        0xd CMakeFiles/stm32l4r5zi_cmake_modbus_slave.dir/Middlewares/Third_Party/FreeRTOS/Source/timers.c.obj
 *(.rodata*)
 *fill*         0x08009089        0x3 
 .rodata.UARTPrescTable
                0x0800908c       0x18 CMakeFiles/stm32l4r5zi_cmake_modbus_slave.dir/Drivers/STM32L4xx_HAL_Driver/Src/stm32l4xx_hal_uart.c.obj
                0x0800908c                UARTPrescTable
 .rodata.numerator.1
                0x080090a4        0x8 CMakeFiles/stm32l4r5zi_cmake_modbus_slave.dir/Drivers/STM32L4xx_HAL_Driver/Src/stm32l4xx_hal_uart_ex.c.obj
 .rodata.denominator.0
                0x080090ac        0x8 CMakeFiles/stm32l4r5zi_cmake_modbus_slave.dir/Drivers/STM32L4xx_HAL_Driver/Src/stm32l4xx_hal_uart_ex.c.obj
 .rodata.AHBPrescTable
                0x080090b4       0x10 CMakeFiles/stm32l4r5zi_cmake_modbus_slave.dir/Core/Src/system_stm32l4xx.c.obj
                0x080090b4                AHBPrescTable
 .rodata.APBPrescTable
                0x080090c4        0x8 CMakeFiles/stm32l4r5zi_cmake_modbus_slave.dir/Core/Src/system_stm32l4xx.c.obj
                0x080090c4                APBPrescTable
 .rodata.MSIRangeTable
                0x080090cc       0x30 CMakeFiles/stm32l4r5zi_cmake_modbus_slave.dir/Core/Src/system_stm32l4xx.c.obj
                0x080090cc                MSIRangeTable
 .rodata._svfprintf_r.str1.1
                0x080090fc       0x11 /opt/st/stm32cubeclt_1.17.0/GNU-tools-for-STM32/bin/../lib/gcc/arm-none-eabi/12.3.1/../../../../arm-none-eabi/lib/thumb/v7e-m+fp/hard/libg_nano.a(libc_a-nano-svfprintf.o)
 .rodata._printf_i.str1.1
                0x0800910d       0x22 /opt/st/stm32cubeclt_1.17.0/GNU-tools-for-STM32/bin/../lib/gcc/arm-none-eabi/12.3.1/../../../../arm-none-eabi/lib/thumb/v7e-m+fp/hard/libg_nano.a(libc_a-nano-vfprintf_i.o)
                0x08009130                        . = ALIGN (0x8)
 *fill*         0x0800912f        0x1 

.ARM.extab      0x08009130        0x0
                0x08009130                        . = ALIGN (0x8)
 *(.ARM.extab* .gnu.linkonce.armextab.*)
                0x08009130                        . = ALIGN (0x8)

.ARM            0x08009130        0x8
                0x08009130                        . = ALIGN (0x8)
                0x08009130                        __exidx_start = .
 *(.ARM.exidx*)
 .ARM.exidx     0x08009130        0x8 /opt/st/stm32cubeclt_1.17.0/GNU-tools-for-STM32/bin/../lib/gcc/arm-none-eabi/12.3.1/thumb/v7e-m+fp/hard/libgcc.a(_udivmoddi4.o)
 .ARM.exidx     0x08009138        0x0 /opt/st/stm32cubeclt_1.17.0/GNU-tools-for-STM32/bin/../lib/gcc/arm-none-eabi/12.3.1/../../../../arm-none-eabi/lib/thumb/v7e-m+fp/hard/libg_nano.a(libc_a-memchr.o)
                                  0x8 (size before relaxing)
                0x08009138                        __exidx_end = .
                0x08009138                        . = ALIGN (0x8)

.rel.dyn        0x08009138        0x0
 .rel.iplt      0x08009138        0x0 /opt/st/stm32cubeclt_1.17.0/GNU-tools-for-STM32/bin/../lib/gcc/arm-none-eabi/12.3.1/thumb/v7e-m+fp/hard/crtbegin.o

.preinit_array  0x08009138        0x0
                0x08009138                        . = ALIGN (0x8)
                0x08009138                        PROVIDE (__preinit_array_start = .)
 *(.preinit_array*)
                0x08009138                        PROVIDE (__preinit_array_end = .)
                0x08009138                        . = ALIGN (0x8)

.init_array     0x08009138        0x8
                0x08009138                        . = ALIGN (0x8)
                0x08009138                        PROVIDE (__init_array_start = .)
 *(SORT_BY_NAME(.init_array.*))
 *(.init_array*)
 .init_array    0x08009138        0x4 /opt/st/stm32cubeclt_1.17.0/GNU-tools-for-STM32/bin/../lib/gcc/arm-none-eabi/12.3.1/thumb/v7e-m+fp/hard/crtbegin.o
                0x0800913c                        PROVIDE (__init_array_end = .)
                0x08009140                        . = ALIGN (0x8)
 *fill*         0x0800913c        0x4 

.fini_array     0x08009140        0x8
                0x08009140                        . = ALIGN (0x8)
                [!provide]                        PROVIDE (__fini_array_start = .)
 *(SORT_BY_NAME(.fini_array.*))
 *(.fini_array*)
 .fini_array    0x08009140        0x4 /opt/st/stm32cubeclt_1.17.0/GNU-tools-for-STM32/bin/../lib/gcc/arm-none-eabi/12.3.1/thumb/v7e-m+fp/hard/crtbegin.o
                [!provide]                        PROVIDE (__fini_array_end = .)
                0x08009148                        . = ALIGN (0x8)
 *fill*         0x08009144        0x4 
                0x08009148                        _sidata = LOADADDR (.data)

.data           0x20000000       0x60 load address 0x08009148
                0x20000000                        . = ALIGN (0x8)
                0x20000000                        _sdata = .
 *(.data)
 *(.data*)
 .data._impure_ptr
                0x20000000        0x4 /opt/st/stm32cubeclt_1.17.0/GNU-tools-for-STM32/bin/../lib/gcc/arm-none-eabi/12.3.1/../../../../arm-none-eabi/lib/thumb/v7e-m+fp/hard/libc_nano.a(libc_a-impure.o)
                0x20000000                _impure_ptr
 .data._impure_data
                0x20000004       0x4c /opt/st/stm32cubeclt_1.17.0/GNU-tools-for-STM32/bin/../lib/gcc/arm-none-eabi/12.3.1/../../../../arm-none-eabi/lib/thumb/v7e-m+fp/hard/libc_nano.a(libc_a-impure.o)
                0x20000004                _impure_data
 .data.uwTickPrio
                0x20000050        0x4 CMakeFiles/stm32l4r5zi_cmake_modbus_slave.dir/Drivers/STM32L4xx_HAL_Driver/Src/stm32l4xx_hal.c.obj
                0x20000050                uwTickPrio
 .data.uwTickFreq
                0x20000054        0x1 CMakeFiles/stm32l4r5zi_cmake_modbus_slave.dir/Drivers/STM32L4xx_HAL_Driver/Src/stm32l4xx_hal.c.obj
                0x20000054                uwTickFreq
 *fill*         0x20000055        0x3 
 .data.SystemCoreClock
                0x20000058        0x4 CMakeFiles/stm32l4r5zi_cmake_modbus_slave.dir/Core/Src/system_stm32l4xx.c.obj
                0x20000058                SystemCoreClock
 .data.uxCriticalNesting
                0x2000005c        0x4 CMakeFiles/stm32l4r5zi_cmake_modbus_slave.dir/Middlewares/Third_Party/FreeRTOS/Source/portable/GCC/ARM_CM4F/port.c.obj
                0x20000060                        . = ALIGN (0x8)
                0x20000060                        _edata = .

.igot.plt       0x20000060        0x0 load address 0x080091a8
 .igot.plt      0x20000060        0x0 /opt/st/stm32cubeclt_1.17.0/GNU-tools-for-STM32/bin/../lib/gcc/arm-none-eabi/12.3.1/thumb/v7e-m+fp/hard/crtbegin.o
                0x20000060                        . = ALIGN (0x4)

.bss            0x20000060     0x881c load address 0x080091a8
                0x20000060                        _sbss = .
                0x20000060                        __bss_start__ = _sbss
 *(.bss)
 .bss           0x20000060       0x1c /opt/st/stm32cubeclt_1.17.0/GNU-tools-for-STM32/bin/../lib/gcc/arm-none-eabi/12.3.1/thumb/v7e-m+fp/hard/crtbegin.o
 *(.bss*)
 .bss.__sf      0x2000007c      0x138 /opt/st/stm32cubeclt_1.17.0/GNU-tools-for-STM32/bin/../lib/gcc/arm-none-eabi/12.3.1/../../../../arm-none-eabi/lib/thumb/v7e-m+fp/hard/libc_nano.a(libc_a-findfp.o)
                0x2000007c                __sf
 .bss.errno     0x200001b4        0x4 /opt/st/stm32cubeclt_1.17.0/GNU-tools-for-STM32/bin/../lib/gcc/arm-none-eabi/12.3.1/../../../../arm-none-eabi/lib/thumb/v7e-m+fp/hard/libc_nano.a(libc_a-reent.o)
                0x200001b4                errno
 .bss.__lock___malloc_recursive_mutex
                0x200001b8        0x1 /opt/st/stm32cubeclt_1.17.0/GNU-tools-for-STM32/bin/../lib/gcc/arm-none-eabi/12.3.1/../../../../arm-none-eabi/lib/thumb/v7e-m+fp/hard/libc_nano.a(libc_a-lock.o)
                0x200001b8                __lock___malloc_recursive_mutex
 *fill*         0x200001b9        0x3 
 .bss.__malloc_sbrk_start
                0x200001bc        0x4 /opt/st/stm32cubeclt_1.17.0/GNU-tools-for-STM32/bin/../lib/gcc/arm-none-eabi/12.3.1/../../../../arm-none-eabi/lib/thumb/v7e-m+fp/hard/libc_nano.a(libc_a-mallocr.o)
                0x200001bc                __malloc_sbrk_start
 .bss.__malloc_free_list
                0x200001c0        0x4 /opt/st/stm32cubeclt_1.17.0/GNU-tools-for-STM32/bin/../lib/gcc/arm-none-eabi/12.3.1/../../../../arm-none-eabi/lib/thumb/v7e-m+fp/hard/libc_nano.a(libc_a-mallocr.o)
                0x200001c0                __malloc_free_list
 .bss.xModbusTaskHandle
                0x200001c4        0x4 CMakeFiles/stm32l4r5zi_cmake_modbus_slave.dir/MODBUS_SERVER/MODBUS_Server.c.obj
                0x200001c4                xModbusTaskHandle
 .bss.hlpuart1  0x200001c8       0xcc CMakeFiles/stm32l4r5zi_cmake_modbus_slave.dir/MODBUS_SERVER/MODBUS_usart.c.obj
                0x200001c8                hlpuart1
 .bss.MODBUS_UART_Rx_Count
                0x20000294        0x2 CMakeFiles/stm32l4r5zi_cmake_modbus_slave.dir/MODBUS_SERVER/MODBUS_usart.c.obj
                0x20000294                MODBUS_UART_Rx_Count
 *fill*         0x20000296        0x2 
 .bss.MODBUS_UART_Tx_Buffer
                0x20000298       0x64 CMakeFiles/stm32l4r5zi_cmake_modbus_slave.dir/MODBUS_SERVER/MODBUS_usart.c.obj
                0x20000298                MODBUS_UART_Tx_Buffer
 .bss.MODBUS_UART_Rx_Buffer
                0x200002fc       0x64 CMakeFiles/stm32l4r5zi_cmake_modbus_slave.dir/MODBUS_SERVER/MODBUS_usart.c.obj
                0x200002fc                MODBUS_UART_Rx_Buffer
 .bss.htim6     0x20000360       0x4c CMakeFiles/stm32l4r5zi_cmake_modbus_slave.dir/Core/Src/stm32l4xx_hal_timebase_tim.c.obj
                0x20000360                htim6
 .bss.uwTick    0x200003ac        0x4 CMakeFiles/stm32l4r5zi_cmake_modbus_slave.dir/Drivers/STM32L4xx_HAL_Driver/Src/stm32l4xx_hal.c.obj
                0x200003ac                uwTick
 .bss.xQueueRegistry
                0x200003b0       0x40 CMakeFiles/stm32l4r5zi_cmake_modbus_slave.dir/Middlewares/Third_Party/FreeRTOS/Source/queue.c.obj
                0x200003b0                xQueueRegistry
 .bss.pxCurrentTCB
                0x200003f0        0x4 CMakeFiles/stm32l4r5zi_cmake_modbus_slave.dir/Middlewares/Third_Party/FreeRTOS/Source/tasks.c.obj
                0x200003f0                pxCurrentTCB
 .bss.pxReadyTasksLists
                0x200003f4      0x460 CMakeFiles/stm32l4r5zi_cmake_modbus_slave.dir/Middlewares/Third_Party/FreeRTOS/Source/tasks.c.obj
 .bss.xDelayedTaskList1
                0x20000854       0x14 CMakeFiles/stm32l4r5zi_cmake_modbus_slave.dir/Middlewares/Third_Party/FreeRTOS/Source/tasks.c.obj
 .bss.xDelayedTaskList2
                0x20000868       0x14 CMakeFiles/stm32l4r5zi_cmake_modbus_slave.dir/Middlewares/Third_Party/FreeRTOS/Source/tasks.c.obj
 .bss.pxDelayedTaskList
                0x2000087c        0x4 CMakeFiles/stm32l4r5zi_cmake_modbus_slave.dir/Middlewares/Third_Party/FreeRTOS/Source/tasks.c.obj
 .bss.pxOverflowDelayedTaskList
                0x20000880        0x4 CMakeFiles/stm32l4r5zi_cmake_modbus_slave.dir/Middlewares/Third_Party/FreeRTOS/Source/tasks.c.obj
 .bss.xPendingReadyList
                0x20000884       0x14 CMakeFiles/stm32l4r5zi_cmake_modbus_slave.dir/Middlewares/Third_Party/FreeRTOS/Source/tasks.c.obj
 .bss.xTasksWaitingTermination
                0x20000898       0x14 CMakeFiles/stm32l4r5zi_cmake_modbus_slave.dir/Middlewares/Third_Party/FreeRTOS/Source/tasks.c.obj
 .bss.uxDeletedTasksWaitingCleanUp
                0x200008ac        0x4 CMakeFiles/stm32l4r5zi_cmake_modbus_slave.dir/Middlewares/Third_Party/FreeRTOS/Source/tasks.c.obj
 .bss.xSuspendedTaskList
                0x200008b0       0x14 CMakeFiles/stm32l4r5zi_cmake_modbus_slave.dir/Middlewares/Third_Party/FreeRTOS/Source/tasks.c.obj
 .bss.uxCurrentNumberOfTasks
                0x200008c4        0x4 CMakeFiles/stm32l4r5zi_cmake_modbus_slave.dir/Middlewares/Third_Party/FreeRTOS/Source/tasks.c.obj
 .bss.xTickCount
                0x200008c8        0x4 CMakeFiles/stm32l4r5zi_cmake_modbus_slave.dir/Middlewares/Third_Party/FreeRTOS/Source/tasks.c.obj
 .bss.uxTopReadyPriority
                0x200008cc        0x4 CMakeFiles/stm32l4r5zi_cmake_modbus_slave.dir/Middlewares/Third_Party/FreeRTOS/Source/tasks.c.obj
 .bss.xSchedulerRunning
                0x200008d0        0x4 CMakeFiles/stm32l4r5zi_cmake_modbus_slave.dir/Middlewares/Third_Party/FreeRTOS/Source/tasks.c.obj
 .bss.xPendedTicks
                0x200008d4        0x4 CMakeFiles/stm32l4r5zi_cmake_modbus_slave.dir/Middlewares/Third_Party/FreeRTOS/Source/tasks.c.obj
 .bss.xYieldPending
                0x200008d8        0x4 CMakeFiles/stm32l4r5zi_cmake_modbus_slave.dir/Middlewares/Third_Party/FreeRTOS/Source/tasks.c.obj
 .bss.xNumOfOverflows
                0x200008dc        0x4 CMakeFiles/stm32l4r5zi_cmake_modbus_slave.dir/Middlewares/Third_Party/FreeRTOS/Source/tasks.c.obj
 .bss.uxTaskNumber
                0x200008e0        0x4 CMakeFiles/stm32l4r5zi_cmake_modbus_slave.dir/Middlewares/Third_Party/FreeRTOS/Source/tasks.c.obj
 .bss.xNextTaskUnblockTime
                0x200008e4        0x4 CMakeFiles/stm32l4r5zi_cmake_modbus_slave.dir/Middlewares/Third_Party/FreeRTOS/Source/tasks.c.obj
 .bss.xIdleTaskHandle
                0x200008e8        0x4 CMakeFiles/stm32l4r5zi_cmake_modbus_slave.dir/Middlewares/Third_Party/FreeRTOS/Source/tasks.c.obj
 .bss.uxSchedulerSuspended
                0x200008ec        0x4 CMakeFiles/stm32l4r5zi_cmake_modbus_slave.dir/Middlewares/Third_Party/FreeRTOS/Source/tasks.c.obj
 .bss.xActiveTimerList1
                0x200008f0       0x14 CMakeFiles/stm32l4r5zi_cmake_modbus_slave.dir/Middlewares/Third_Party/FreeRTOS/Source/timers.c.obj
 .bss.xActiveTimerList2
                0x20000904       0x14 CMakeFiles/stm32l4r5zi_cmake_modbus_slave.dir/Middlewares/Third_Party/FreeRTOS/Source/timers.c.obj
 .bss.pxCurrentTimerList
                0x20000918        0x4 CMakeFiles/stm32l4r5zi_cmake_modbus_slave.dir/Middlewares/Third_Party/FreeRTOS/Source/timers.c.obj
 .bss.pxOverflowTimerList
                0x2000091c        0x4 CMakeFiles/stm32l4r5zi_cmake_modbus_slave.dir/Middlewares/Third_Party/FreeRTOS/Source/timers.c.obj
 .bss.xTimerQueue
                0x20000920        0x4 CMakeFiles/stm32l4r5zi_cmake_modbus_slave.dir/Middlewares/Third_Party/FreeRTOS/Source/timers.c.obj
 .bss.xTimerTaskHandle
                0x20000924        0x4 CMakeFiles/stm32l4r5zi_cmake_modbus_slave.dir/Middlewares/Third_Party/FreeRTOS/Source/timers.c.obj
 .bss.xLastTime.2
                0x20000928        0x4 CMakeFiles/stm32l4r5zi_cmake_modbus_slave.dir/Middlewares/Third_Party/FreeRTOS/Source/timers.c.obj
 .bss.ucStaticTimerQueueStorage.1
                0x2000092c       0xa0 CMakeFiles/stm32l4r5zi_cmake_modbus_slave.dir/Middlewares/Third_Party/FreeRTOS/Source/timers.c.obj
 .bss.xStaticTimerQueue.0
                0x200009cc       0x50 CMakeFiles/stm32l4r5zi_cmake_modbus_slave.dir/Middlewares/Third_Party/FreeRTOS/Source/timers.c.obj
 *fill*         0x20000a1c        0x4 
 .bss.Idle_TCB.3
                0x20000a20      0x180 CMakeFiles/stm32l4r5zi_cmake_modbus_slave.dir/Middlewares/Third_Party/FreeRTOS/Source/CMSIS_RTOS_V2/cmsis_os2.c.obj
 .bss.Idle_Stack.2
                0x20000ba0      0x200 CMakeFiles/stm32l4r5zi_cmake_modbus_slave.dir/Middlewares/Third_Party/FreeRTOS/Source/CMSIS_RTOS_V2/cmsis_os2.c.obj
 .bss.Timer_TCB.1
                0x20000da0      0x180 CMakeFiles/stm32l4r5zi_cmake_modbus_slave.dir/Middlewares/Third_Party/FreeRTOS/Source/CMSIS_RTOS_V2/cmsis_os2.c.obj
 .bss.Timer_Stack.0
                0x20000f20      0x400 CMakeFiles/stm32l4r5zi_cmake_modbus_slave.dir/Middlewares/Third_Party/FreeRTOS/Source/CMSIS_RTOS_V2/cmsis_os2.c.obj
 .bss.ucHeap    0x20001320     0x7530 CMakeFiles/stm32l4r5zi_cmake_modbus_slave.dir/Middlewares/Third_Party/FreeRTOS/Source/portable/MemMang/heap_4.c.obj
 .bss.xStart    0x20008850        0x8 CMakeFiles/stm32l4r5zi_cmake_modbus_slave.dir/Middlewares/Third_Party/FreeRTOS/Source/portable/MemMang/heap_4.c.obj
 .bss.pxEnd     0x20008858        0x4 CMakeFiles/stm32l4r5zi_cmake_modbus_slave.dir/Middlewares/Third_Party/FreeRTOS/Source/portable/MemMang/heap_4.c.obj
 .bss.xFreeBytesRemaining
                0x2000885c        0x4 CMakeFiles/stm32l4r5zi_cmake_modbus_slave.dir/Middlewares/Third_Party/FreeRTOS/Source/portable/MemMang/heap_4.c.obj
 .bss.xMinimumEverFreeBytesRemaining
                0x20008860        0x4 CMakeFiles/stm32l4r5zi_cmake_modbus_slave.dir/Middlewares/Third_Party/FreeRTOS/Source/portable/MemMang/heap_4.c.obj
 .bss.xNumberOfSuccessfulAllocations
                0x20008864        0x4 CMakeFiles/stm32l4r5zi_cmake_modbus_slave.dir/Middlewares/Third_Party/FreeRTOS/Source/portable/MemMang/heap_4.c.obj
 .bss.xNumberOfSuccessfulFrees
                0x20008868        0x4 CMakeFiles/stm32l4r5zi_cmake_modbus_slave.dir/Middlewares/Third_Party/FreeRTOS/Source/portable/MemMang/heap_4.c.obj
 .bss.xBlockAllocatedBit
                0x2000886c        0x4 CMakeFiles/stm32l4r5zi_cmake_modbus_slave.dir/Middlewares/Third_Party/FreeRTOS/Source/portable/MemMang/heap_4.c.obj
 .bss.ucMaxSysCallPriority
                0x20008870        0x1 CMakeFiles/stm32l4r5zi_cmake_modbus_slave.dir/Middlewares/Third_Party/FreeRTOS/Source/portable/GCC/ARM_CM4F/port.c.obj
 *fill*         0x20008871        0x3 
 .bss.ulMaxPRIGROUPValue
                0x20008874        0x4 CMakeFiles/stm32l4r5zi_cmake_modbus_slave.dir/Middlewares/Third_Party/FreeRTOS/Source/portable/GCC/ARM_CM4F/port.c.obj
 .bss.__sbrk_heap_end
                0x20008878        0x4 CMakeFiles/stm32l4r5zi_cmake_modbus_slave.dir/Core/Src/sysmem.c.obj
 *(COMMON)
                0x2000887c                        . = ALIGN (0x4)
                0x2000887c                        _ebss = .
                0x2000887c                        __bss_end__ = _ebss

._user_heap_stack
                0x2000887c      0x604 load address 0x080091a8
                0x20008880                        . = ALIGN (0x8)
 *fill*         0x2000887c        0x4 
                [!provide]                        PROVIDE (end = .)
                0x20008880                        PROVIDE (_end = .)
                0x20008a80                        . = (. + _Min_Heap_Size)
 *fill*         0x20008880      0x200 
                0x20008e80                        . = (. + _Min_Stack_Size)
 *fill*         0x20008a80      0x400 
                0x20008e80                        . = ALIGN (0x8)

/DISCARD/
 libc.a(*)
 libm.a(*)
 libgcc.a(*)
OUTPUT(stm32l4r5zi_cmake_modbus_slave.elf elf32-littlearm)
LOAD linker stubs
LOAD /opt/st/stm32cubeclt_1.17.0/GNU-tools-for-STM32/bin/../lib/gcc/arm-none-eabi/12.3.1/../../../../arm-none-eabi/lib/thumb/v7e-m+fp/hard/libc.a
LOAD /opt/st/stm32cubeclt_1.17.0/GNU-tools-for-STM32/bin/../lib/gcc/arm-none-eabi/12.3.1/../../../../arm-none-eabi/lib/thumb/v7e-m+fp/hard/libm.a
LOAD /opt/st/stm32cubeclt_1.17.0/GNU-tools-for-STM32/bin/../lib/gcc/arm-none-eabi/12.3.1/thumb/v7e-m+fp/hard/libgcc.a

.ARM.attributes
                0x00000000       0x30
 .ARM.attributes
                0x00000000       0x22 /opt/st/stm32cubeclt_1.17.0/GNU-tools-for-STM32/bin/../lib/gcc/arm-none-eabi/12.3.1/thumb/v7e-m+fp/hard/crti.o
 .ARM.attributes
                0x00000022       0x34 /opt/st/stm32cubeclt_1.17.0/GNU-tools-for-STM32/bin/../lib/gcc/arm-none-eabi/12.3.1/thumb/v7e-m+fp/hard/crtbegin.o
 .ARM.attributes
                0x00000056       0x34 /opt/st/stm32cubeclt_1.17.0/GNU-tools-for-STM32/bin/../lib/gcc/arm-none-eabi/12.3.1/../../../../arm-none-eabi/lib/thumb/v7e-m+fp/hard/libc_nano.a(libc_a-findfp.o)
 .ARM.attributes
                0x0000008a       0x34 /opt/st/stm32cubeclt_1.17.0/GNU-tools-for-STM32/bin/../lib/gcc/arm-none-eabi/12.3.1/../../../../arm-none-eabi/lib/thumb/v7e-m+fp/hard/libc_nano.a(libc_a-memset.o)
 .ARM.attributes
                0x000000be       0x34 /opt/st/stm32cubeclt_1.17.0/GNU-tools-for-STM32/bin/../lib/gcc/arm-none-eabi/12.3.1/../../../../arm-none-eabi/lib/thumb/v7e-m+fp/hard/libc_nano.a(libc_a-reent.o)
 .ARM.attributes
                0x000000f2       0x34 /opt/st/stm32cubeclt_1.17.0/GNU-tools-for-STM32/bin/../lib/gcc/arm-none-eabi/12.3.1/../../../../arm-none-eabi/lib/thumb/v7e-m+fp/hard/libc_nano.a(libc_a-impure.o)
 .ARM.attributes
                0x00000126       0x34 /opt/st/stm32cubeclt_1.17.0/GNU-tools-for-STM32/bin/../lib/gcc/arm-none-eabi/12.3.1/../../../../arm-none-eabi/lib/thumb/v7e-m+fp/hard/libc_nano.a(libc_a-init.o)
 .ARM.attributes
                0x0000015a       0x34 /opt/st/stm32cubeclt_1.17.0/GNU-tools-for-STM32/bin/../lib/gcc/arm-none-eabi/12.3.1/../../../../arm-none-eabi/lib/thumb/v7e-m+fp/hard/libc_nano.a(libc_a-lock.o)
 .ARM.attributes
                0x0000018e       0x34 /opt/st/stm32cubeclt_1.17.0/GNU-tools-for-STM32/bin/../lib/gcc/arm-none-eabi/12.3.1/../../../../arm-none-eabi/lib/thumb/v7e-m+fp/hard/libc_nano.a(libc_a-freer.o)
 .ARM.attributes
                0x000001c2       0x34 /opt/st/stm32cubeclt_1.17.0/GNU-tools-for-STM32/bin/../lib/gcc/arm-none-eabi/12.3.1/../../../../arm-none-eabi/lib/thumb/v7e-m+fp/hard/libc_nano.a(libc_a-mallocr.o)
 .ARM.attributes
                0x000001f6       0x34 /opt/st/stm32cubeclt_1.17.0/GNU-tools-for-STM32/bin/../lib/gcc/arm-none-eabi/12.3.1/../../../../arm-none-eabi/lib/thumb/v7e-m+fp/hard/libc_nano.a(libc_a-mlock.o)
 .ARM.attributes
                0x0000022a       0x34 /opt/st/stm32cubeclt_1.17.0/GNU-tools-for-STM32/bin/../lib/gcc/arm-none-eabi/12.3.1/../../../../arm-none-eabi/lib/thumb/v7e-m+fp/hard/libc_nano.a(libc_a-sbrkr.o)
 .ARM.attributes
                0x0000025e       0x34 CMakeFiles/stm32l4r5zi_cmake_modbus_slave.dir/MODBUS_SERVER/MODBUS_Server.c.obj
 .ARM.attributes
                0x00000292       0x34 CMakeFiles/stm32l4r5zi_cmake_modbus_slave.dir/MODBUS_SERVER/MODBUS_usart.c.obj
 .ARM.attributes
                0x000002c6       0x34 CMakeFiles/stm32l4r5zi_cmake_modbus_slave.dir/Core/Src/main.c.obj
 .ARM.attributes
                0x000002fa       0x34 CMakeFiles/stm32l4r5zi_cmake_modbus_slave.dir/Core/Src/gpio.c.obj
 .ARM.attributes
                0x0000032e       0x34 CMakeFiles/stm32l4r5zi_cmake_modbus_slave.dir/Core/Src/stm32l4xx_it.c.obj
 .ARM.attributes
                0x00000362       0x34 CMakeFiles/stm32l4r5zi_cmake_modbus_slave.dir/Core/Src/stm32l4xx_hal_msp.c.obj
 .ARM.attributes
                0x00000396       0x34 CMakeFiles/stm32l4r5zi_cmake_modbus_slave.dir/Core/Src/stm32l4xx_hal_timebase_tim.c.obj
 .ARM.attributes
                0x000003ca       0x34 CMakeFiles/stm32l4r5zi_cmake_modbus_slave.dir/Drivers/STM32L4xx_HAL_Driver/Src/stm32l4xx_hal_tim.c.obj
 .ARM.attributes
                0x000003fe       0x34 CMakeFiles/stm32l4r5zi_cmake_modbus_slave.dir/Drivers/STM32L4xx_HAL_Driver/Src/stm32l4xx_hal_tim_ex.c.obj
 .ARM.attributes
                0x00000432       0x34 CMakeFiles/stm32l4r5zi_cmake_modbus_slave.dir/Drivers/STM32L4xx_HAL_Driver/Src/stm32l4xx_hal.c.obj
 .ARM.attributes
                0x00000466       0x34 CMakeFiles/stm32l4r5zi_cmake_modbus_slave.dir/Drivers/STM32L4xx_HAL_Driver/Src/stm32l4xx_hal_rcc.c.obj
 .ARM.attributes
                0x0000049a       0x34 CMakeFiles/stm32l4r5zi_cmake_modbus_slave.dir/Drivers/STM32L4xx_HAL_Driver/Src/stm32l4xx_hal_rcc_ex.c.obj
 .ARM.attributes
                0x000004ce       0x34 CMakeFiles/stm32l4r5zi_cmake_modbus_slave.dir/Drivers/STM32L4xx_HAL_Driver/Src/stm32l4xx_hal_gpio.c.obj
 .ARM.attributes
                0x00000502       0x34 CMakeFiles/stm32l4r5zi_cmake_modbus_slave.dir/Drivers/STM32L4xx_HAL_Driver/Src/stm32l4xx_hal_dma.c.obj
 .ARM.attributes
                0x00000536       0x34 CMakeFiles/stm32l4r5zi_cmake_modbus_slave.dir/Drivers/STM32L4xx_HAL_Driver/Src/stm32l4xx_hal_pwr_ex.c.obj
 .ARM.attributes
                0x0000056a       0x34 CMakeFiles/stm32l4r5zi_cmake_modbus_slave.dir/Drivers/STM32L4xx_HAL_Driver/Src/stm32l4xx_hal_cortex.c.obj
 .ARM.attributes
                0x0000059e       0x34 CMakeFiles/stm32l4r5zi_cmake_modbus_slave.dir/Drivers/STM32L4xx_HAL_Driver/Src/stm32l4xx_hal_uart.c.obj
 .ARM.attributes
                0x000005d2       0x34 CMakeFiles/stm32l4r5zi_cmake_modbus_slave.dir/Drivers/STM32L4xx_HAL_Driver/Src/stm32l4xx_hal_uart_ex.c.obj
 .ARM.attributes
                0x00000606       0x34 CMakeFiles/stm32l4r5zi_cmake_modbus_slave.dir/Core/Src/system_stm32l4xx.c.obj
 .ARM.attributes
                0x0000063a       0x34 CMakeFiles/stm32l4r5zi_cmake_modbus_slave.dir/Middlewares/Third_Party/FreeRTOS/Source/list.c.obj
 .ARM.attributes
                0x0000066e       0x34 CMakeFiles/stm32l4r5zi_cmake_modbus_slave.dir/Middlewares/Third_Party/FreeRTOS/Source/queue.c.obj
 .ARM.attributes
                0x000006a2       0x34 CMakeFiles/stm32l4r5zi_cmake_modbus_slave.dir/Middlewares/Third_Party/FreeRTOS/Source/tasks.c.obj
 .ARM.attributes
                0x000006d6       0x34 CMakeFiles/stm32l4r5zi_cmake_modbus_slave.dir/Middlewares/Third_Party/FreeRTOS/Source/timers.c.obj
 .ARM.attributes
                0x0000070a       0x34 CMakeFiles/stm32l4r5zi_cmake_modbus_slave.dir/Middlewares/Third_Party/FreeRTOS/Source/CMSIS_RTOS_V2/cmsis_os2.c.obj
 .ARM.attributes
                0x0000073e       0x34 CMakeFiles/stm32l4r5zi_cmake_modbus_slave.dir/Middlewares/Third_Party/FreeRTOS/Source/portable/MemMang/heap_4.c.obj
 .ARM.attributes
                0x00000772       0x34 CMakeFiles/stm32l4r5zi_cmake_modbus_slave.dir/Middlewares/Third_Party/FreeRTOS/Source/portable/GCC/ARM_CM4F/port.c.obj
 .ARM.attributes
                0x000007a6       0x34 CMakeFiles/stm32l4r5zi_cmake_modbus_slave.dir/Core/Src/sysmem.c.obj
 .ARM.attributes
                0x000007da       0x21 CMakeFiles/stm32l4r5zi_cmake_modbus_slave.dir/startup_stm32l4r5xx.s.obj
 .ARM.attributes
                0x000007fb       0x22 /opt/st/stm32cubeclt_1.17.0/GNU-tools-for-STM32/bin/../lib/gcc/arm-none-eabi/12.3.1/thumb/v7e-m+fp/hard/libgcc.a(_aeabi_uldivmod.o)
 .ARM.attributes
                0x0000081d       0x34 /opt/st/stm32cubeclt_1.17.0/GNU-tools-for-STM32/bin/../lib/gcc/arm-none-eabi/12.3.1/thumb/v7e-m+fp/hard/libgcc.a(_udivmoddi4.o)
 .ARM.attributes
                0x00000851       0x22 /opt/st/stm32cubeclt_1.17.0/GNU-tools-for-STM32/bin/../lib/gcc/arm-none-eabi/12.3.1/thumb/v7e-m+fp/hard/libgcc.a(_dvmd_tls.o)
 .ARM.attributes
                0x00000873       0x34 /opt/st/stm32cubeclt_1.17.0/GNU-tools-for-STM32/bin/../lib/gcc/arm-none-eabi/12.3.1/../../../../arm-none-eabi/lib/thumb/v7e-m+fp/hard/libg_nano.a(libc_a-snprintf.o)
 .ARM.attributes
                0x000008a7       0x34 /opt/st/stm32cubeclt_1.17.0/GNU-tools-for-STM32/bin/../lib/gcc/arm-none-eabi/12.3.1/../../../../arm-none-eabi/lib/thumb/v7e-m+fp/hard/libg_nano.a(libc_a-errno.o)
 .ARM.attributes
                0x000008db       0x34 /opt/st/stm32cubeclt_1.17.0/GNU-tools-for-STM32/bin/../lib/gcc/arm-none-eabi/12.3.1/../../../../arm-none-eabi/lib/thumb/v7e-m+fp/hard/libg_nano.a(libc_a-memcpy-stub.o)
 .ARM.attributes
                0x0000090f       0x34 /opt/st/stm32cubeclt_1.17.0/GNU-tools-for-STM32/bin/../lib/gcc/arm-none-eabi/12.3.1/../../../../arm-none-eabi/lib/thumb/v7e-m+fp/hard/libg_nano.a(libc_a-nano-svfprintf.o)
 .ARM.attributes
                0x00000943       0x34 /opt/st/stm32cubeclt_1.17.0/GNU-tools-for-STM32/bin/../lib/gcc/arm-none-eabi/12.3.1/../../../../arm-none-eabi/lib/thumb/v7e-m+fp/hard/libg_nano.a(libc_a-nano-vfprintf_i.o)
 .ARM.attributes
                0x00000977       0x34 /opt/st/stm32cubeclt_1.17.0/GNU-tools-for-STM32/bin/../lib/gcc/arm-none-eabi/12.3.1/../../../../arm-none-eabi/lib/thumb/v7e-m+fp/hard/libg_nano.a(libc_a-memmove.o)
 .ARM.attributes
                0x000009ab       0x1c /opt/st/stm32cubeclt_1.17.0/GNU-tools-for-STM32/bin/../lib/gcc/arm-none-eabi/12.3.1/../../../../arm-none-eabi/lib/thumb/v7e-m+fp/hard/libg_nano.a(libc_a-memchr.o)
 .ARM.attributes
                0x000009c7       0x34 /opt/st/stm32cubeclt_1.17.0/GNU-tools-for-STM32/bin/../lib/gcc/arm-none-eabi/12.3.1/../../../../arm-none-eabi/lib/thumb/v7e-m+fp/hard/libg_nano.a(libc_a-reallocr.o)
 .ARM.attributes
                0x000009fb       0x34 /opt/st/stm32cubeclt_1.17.0/GNU-tools-for-STM32/bin/../lib/gcc/arm-none-eabi/12.3.1/../../../../arm-none-eabi/lib/thumb/v7e-m+fp/hard/libg_nano.a(libc_a-msizer.o)
 .ARM.attributes
                0x00000a2f       0x22 /opt/st/stm32cubeclt_1.17.0/GNU-tools-for-STM32/bin/../lib/gcc/arm-none-eabi/12.3.1/thumb/v7e-m+fp/hard/crtn.o

.comment        0x00000000       0x43
 .comment       0x00000000       0x43 CMakeFiles/stm32l4r5zi_cmake_modbus_slave.dir/MODBUS_SERVER/MODBUS_Server.c.obj
                                 0x44 (size before relaxing)
 .comment       0x00000043       0x44 CMakeFiles/stm32l4r5zi_cmake_modbus_slave.dir/MODBUS_SERVER/MODBUS_usart.c.obj
 .comment       0x00000043       0x44 CMakeFiles/stm32l4r5zi_cmake_modbus_slave.dir/Core/Src/main.c.obj
 .comment       0x00000043       0x44 CMakeFiles/stm32l4r5zi_cmake_modbus_slave.dir/Core/Src/gpio.c.obj
 .comment       0x00000043       0x44 CMakeFiles/stm32l4r5zi_cmake_modbus_slave.dir/Core/Src/stm32l4xx_it.c.obj
 .comment       0x00000043       0x44 CMakeFiles/stm32l4r5zi_cmake_modbus_slave.dir/Core/Src/stm32l4xx_hal_msp.c.obj
 .comment       0x00000043       0x44 CMakeFiles/stm32l4r5zi_cmake_modbus_slave.dir/Core/Src/stm32l4xx_hal_timebase_tim.c.obj
 .comment       0x00000043       0x44 CMakeFiles/stm32l4r5zi_cmake_modbus_slave.dir/Drivers/STM32L4xx_HAL_Driver/Src/stm32l4xx_hal_tim.c.obj
 .comment       0x00000043       0x44 CMakeFiles/stm32l4r5zi_cmake_modbus_slave.dir/Drivers/STM32L4xx_HAL_Driver/Src/stm32l4xx_hal_tim_ex.c.obj
 .comment       0x00000043       0x44 CMakeFiles/stm32l4r5zi_cmake_modbus_slave.dir/Drivers/STM32L4xx_HAL_Driver/Src/stm32l4xx_hal.c.obj
 .comment       0x00000043       0x44 CMakeFiles/stm32l4r5zi_cmake_modbus_slave.dir/Drivers/STM32L4xx_HAL_Driver/Src/stm32l4xx_hal_rcc.c.obj
 .comment       0x00000043       0x44 CMakeFiles/stm32l4r5zi_cmake_modbus_slave.dir/Drivers/STM32L4xx_HAL_Driver/Src/stm32l4xx_hal_rcc_ex.c.obj
 .comment       0x00000043       0x44 CMakeFiles/stm32l4r5zi_cmake_modbus_slave.dir/Drivers/STM32L4xx_HAL_Driver/Src/stm32l4xx_hal_gpio.c.obj
 .comment       0x00000043       0x44 CMakeFiles/stm32l4r5zi_cmake_modbus_slave.dir/Drivers/STM32L4xx_HAL_Driver/Src/stm32l4xx_hal_dma.c.obj
 .comment       0x00000043       0x44 CMakeFiles/stm32l4r5zi_cmake_modbus_slave.dir/Drivers/STM32L4xx_HAL_Driver/Src/stm32l4xx_hal_pwr_ex.c.obj
 .comment       0x00000043       0x44 CMakeFiles/stm32l4r5zi_cmake_modbus_slave.dir/Drivers/STM32L4xx_HAL_Driver/Src/stm32l4xx_hal_cortex.c.obj
 .comment       0x00000043       0x44 CMakeFiles/stm32l4r5zi_cmake_modbus_slave.dir/Drivers/STM32L4xx_HAL_Driver/Src/stm32l4xx_hal_uart.c.obj
 .comment       0x00000043       0x44 CMakeFiles/stm32l4r5zi_cmake_modbus_slave.dir/Drivers/STM32L4xx_HAL_Driver/Src/stm32l4xx_hal_uart_ex.c.obj
 .comment       0x00000043       0x44 CMakeFiles/stm32l4r5zi_cmake_modbus_slave.dir/Core/Src/system_stm32l4xx.c.obj
 .comment       0x00000043       0x44 CMakeFiles/stm32l4r5zi_cmake_modbus_slave.dir/Middlewares/Third_Party/FreeRTOS/Source/list.c.obj
 .comment       0x00000043       0x44 CMakeFiles/stm32l4r5zi_cmake_modbus_slave.dir/Middlewares/Third_Party/FreeRTOS/Source/queue.c.obj
 .comment       0x00000043       0x44 CMakeFiles/stm32l4r5zi_cmake_modbus_slave.dir/Middlewares/Third_Party/FreeRTOS/Source/tasks.c.obj
 .comment       0x00000043       0x44 CMakeFiles/stm32l4r5zi_cmake_modbus_slave.dir/Middlewares/Third_Party/FreeRTOS/Source/timers.c.obj
 .comment       0x00000043       0x44 CMakeFiles/stm32l4r5zi_cmake_modbus_slave.dir/Middlewares/Third_Party/FreeRTOS/Source/CMSIS_RTOS_V2/cmsis_os2.c.obj
 .comment       0x00000043       0x44 CMakeFiles/stm32l4r5zi_cmake_modbus_slave.dir/Middlewares/Third_Party/FreeRTOS/Source/portable/MemMang/heap_4.c.obj
 .comment       0x00000043       0x44 CMakeFiles/stm32l4r5zi_cmake_modbus_slave.dir/Middlewares/Third_Party/FreeRTOS/Source/portable/GCC/ARM_CM4F/port.c.obj
 .comment       0x00000043       0x44 CMakeFiles/stm32l4r5zi_cmake_modbus_slave.dir/Core/Src/sysmem.c.obj
 .comment       0x00000043       0x44 /opt/st/stm32cubeclt_1.17.0/GNU-tools-for-STM32/bin/../lib/gcc/arm-none-eabi/12.3.1/../../../../arm-none-eabi/lib/thumb/v7e-m+fp/hard/libg_nano.a(libc_a-snprintf.o)
 .comment       0x00000043       0x44 /opt/st/stm32cubeclt_1.17.0/GNU-tools-for-STM32/bin/../lib/gcc/arm-none-eabi/12.3.1/../../../../arm-none-eabi/lib/thumb/v7e-m+fp/hard/libg_nano.a(libc_a-errno.o)
 .comment       0x00000043       0x44 /opt/st/stm32cubeclt_1.17.0/GNU-tools-for-STM32/bin/../lib/gcc/arm-none-eabi/12.3.1/../../../../arm-none-eabi/lib/thumb/v7e-m+fp/hard/libg_nano.a(libc_a-memcpy-stub.o)
 .comment       0x00000043       0x44 /opt/st/stm32cubeclt_1.17.0/GNU-tools-for-STM32/bin/../lib/gcc/arm-none-eabi/12.3.1/../../../../arm-none-eabi/lib/thumb/v7e-m+fp/hard/libg_nano.a(libc_a-nano-svfprintf.o)
 .comment       0x00000043       0x44 /opt/st/stm32cubeclt_1.17.0/GNU-tools-for-STM32/bin/../lib/gcc/arm-none-eabi/12.3.1/../../../../arm-none-eabi/lib/thumb/v7e-m+fp/hard/libg_nano.a(libc_a-nano-vfprintf_i.o)
 .comment       0x00000043       0x44 /opt/st/stm32cubeclt_1.17.0/GNU-tools-for-STM32/bin/../lib/gcc/arm-none-eabi/12.3.1/../../../../arm-none-eabi/lib/thumb/v7e-m+fp/hard/libg_nano.a(libc_a-memmove.o)
 .comment       0x00000043       0x44 /opt/st/stm32cubeclt_1.17.0/GNU-tools-for-STM32/bin/../lib/gcc/arm-none-eabi/12.3.1/../../../../arm-none-eabi/lib/thumb/v7e-m+fp/hard/libg_nano.a(libc_a-reallocr.o)
 .comment       0x00000043       0x44 /opt/st/stm32cubeclt_1.17.0/GNU-tools-for-STM32/bin/../lib/gcc/arm-none-eabi/12.3.1/../../../../arm-none-eabi/lib/thumb/v7e-m+fp/hard/libg_nano.a(libc_a-msizer.o)

.debug_frame    0x00000000     0x6c70
 .debug_frame   0x00000000      0x144 /opt/st/stm32cubeclt_1.17.0/GNU-tools-for-STM32/bin/../lib/gcc/arm-none-eabi/12.3.1/../../../../arm-none-eabi/lib/thumb/v7e-m+fp/hard/libc_nano.a(libc_a-findfp.o)
 .debug_frame   0x00000144       0x20 /opt/st/stm32cubeclt_1.17.0/GNU-tools-for-STM32/bin/../lib/gcc/arm-none-eabi/12.3.1/../../../../arm-none-eabi/lib/thumb/v7e-m+fp/hard/libc_nano.a(libc_a-memset.o)
 .debug_frame   0x00000164       0x38 /opt/st/stm32cubeclt_1.17.0/GNU-tools-for-STM32/bin/../lib/gcc/arm-none-eabi/12.3.1/../../../../arm-none-eabi/lib/thumb/v7e-m+fp/hard/libc_nano.a(libc_a-reent.o)
 .debug_frame   0x0000019c       0x2c /opt/st/stm32cubeclt_1.17.0/GNU-tools-for-STM32/bin/../lib/gcc/arm-none-eabi/12.3.1/../../../../arm-none-eabi/lib/thumb/v7e-m+fp/hard/libc_nano.a(libc_a-init.o)
 .debug_frame   0x000001c8       0xb0 /opt/st/stm32cubeclt_1.17.0/GNU-tools-for-STM32/bin/../lib/gcc/arm-none-eabi/12.3.1/../../../../arm-none-eabi/lib/thumb/v7e-m+fp/hard/libc_nano.a(libc_a-lock.o)
 .debug_frame   0x00000278       0x38 /opt/st/stm32cubeclt_1.17.0/GNU-tools-for-STM32/bin/../lib/gcc/arm-none-eabi/12.3.1/../../../../arm-none-eabi/lib/thumb/v7e-m+fp/hard/libc_nano.a(libc_a-freer.o)
 .debug_frame   0x000002b0       0x50 /opt/st/stm32cubeclt_1.17.0/GNU-tools-for-STM32/bin/../lib/gcc/arm-none-eabi/12.3.1/../../../../arm-none-eabi/lib/thumb/v7e-m+fp/hard/libc_nano.a(libc_a-mallocr.o)
 .debug_frame   0x00000300       0x30 /opt/st/stm32cubeclt_1.17.0/GNU-tools-for-STM32/bin/../lib/gcc/arm-none-eabi/12.3.1/../../../../arm-none-eabi/lib/thumb/v7e-m+fp/hard/libc_nano.a(libc_a-mlock.o)
 .debug_frame   0x00000330       0x2c /opt/st/stm32cubeclt_1.17.0/GNU-tools-for-STM32/bin/../lib/gcc/arm-none-eabi/12.3.1/../../../../arm-none-eabi/lib/thumb/v7e-m+fp/hard/libc_nano.a(libc_a-sbrkr.o)
 .debug_frame   0x0000035c       0x54 CMakeFiles/stm32l4r5zi_cmake_modbus_slave.dir/MODBUS_SERVER/MODBUS_Server.c.obj
 .debug_frame   0x000003b0       0x94 CMakeFiles/stm32l4r5zi_cmake_modbus_slave.dir/MODBUS_SERVER/MODBUS_usart.c.obj
 .debug_frame   0x00000444       0x8c CMakeFiles/stm32l4r5zi_cmake_modbus_slave.dir/Core/Src/main.c.obj
 .debug_frame   0x000004d0       0x34 CMakeFiles/stm32l4r5zi_cmake_modbus_slave.dir/Core/Src/gpio.c.obj
 .debug_frame   0x00000504       0xc4 CMakeFiles/stm32l4r5zi_cmake_modbus_slave.dir/Core/Src/stm32l4xx_it.c.obj